
 Start         Length     Name                   Class
 0001:00000000 0000030B8H CODE32                 CODE
 0002:00000000 000000284H CONST32                CONST
 0002:00000284 000000180H DATA32                 DATA
 0002:00000404 0000002DCH LOCINFO                DATA
 0002:000006E0 000000018H TLS                    TLS
 0002:000006F8 000000420H BSS32                  BSS
 0002:00000B18 000008000H STACK32                STACK


Detailed map of segments

0001:00000000 00001285 C=CODE    S=CODE32   G=FLAT     M=C:\UTILS\VP21\Projects\VMAN\VMAN_Proba.pas ACBP=A9
0001:00001288 00000021 C=CODE    S=CODE32   G=FLAT     M=PMGRE@0       ACBP=A9
0001:000012AC 00000027 C=CODE    S=CODE32   G=FLAT     M=PMGRE@1       ACBP=A9
0001:000012D4 00000092 C=CODE    S=CODE32   G=FLAT     M=Os2MM@9       ACBP=A9
0001:000012D4 00000000 C=CODE    S=CODE32   G=FLAT     M=Os2MM@7       ACBP=A9
0001:000012D4 00000000 C=CODE    S=CODE32   G=FLAT     M=Os2MM@8       ACBP=A9
0001:00001368 00000072 C=CODE    S=CODE32   G=FLAT     M=Os2PmApi@1    ACBP=A9
0001:00001368 00000000 C=CODE    S=CODE32   G=FLAT     M=Os2PmApi@0    ACBP=A9
0001:000013DC 00000021 C=CODE    S=CODE32   G=FLAT     M=Os2PmApi@2    ACBP=A9
0001:00001400 00000000 C=CODE    S=CODE32   G=FLAT     M=System@22     ACBP=A9
0001:00001400 00000000 C=CODE    S=CODE32   G=FLAT     M=System@20     ACBP=A9
0001:00001400 0000000A C=CODE    S=CODE32   G=FLAT     M=System@31     ACBP=A9
0001:00001400 00000000 C=CODE    S=CODE32   G=FLAT     M=System@19     ACBP=A9
0001:0000140C 00000010 C=CODE    S=CODE32   G=FLAT     M=System@32     ACBP=A9
0001:0000141C 00000010 C=CODE    S=CODE32   G=FLAT     M=System@33     ACBP=A9
0001:0000142C 00000000 C=CODE    S=CODE32   G=FLAT     M=System@39     ACBP=A9
0001:0000142C 00000000 C=CODE    S=CODE32   G=FLAT     M=System@40     ACBP=A9
0001:0000142C 00000078 C=CODE    S=CODE32   G=FLAT     M=System@41     ACBP=A9
0001:000014A4 0000000C C=CODE    S=CODE32   G=FLAT     M=System@42     ACBP=A9
0001:000014B0 0000001D C=CODE    S=CODE32   G=FLAT     M=System@43     ACBP=A9
0001:000014D0 0000001B C=CODE    S=CODE32   G=FLAT     M=System@44     ACBP=A9
0001:000014EC 0000002E C=CODE    S=CODE32   G=FLAT     M=System@46     ACBP=A9
0001:0000151C 00000030 C=CODE    S=CODE32   G=FLAT     M=System@47     ACBP=A9
0001:0000154C 00000017 C=CODE    S=CODE32   G=FLAT     M=System@50     ACBP=A9
0001:00001564 000000B4 C=CODE    S=CODE32   G=FLAT     M=System@54     ACBP=A9
0001:00001618 00000044 C=CODE    S=CODE32   G=FLAT     M=System@55     ACBP=A9
0001:0000165C 000000C4 C=CODE    S=CODE32   G=FLAT     M=System@56     ACBP=A9
0001:00001720 000000A7 C=CODE    S=CODE32   G=FLAT     M=System@57     ACBP=A9
0001:000017C8 0000002F C=CODE    S=CODE32   G=FLAT     M=System@58     ACBP=A9
0001:000017F8 00000014 C=CODE    S=CODE32   G=FLAT     M=System@59     ACBP=A9
0001:0000180C 00000104 C=CODE    S=CODE32   G=FLAT     M=System@60     ACBP=A9
0001:00001910 00000040 C=CODE    S=CODE32   G=FLAT     M=System@61     ACBP=A9
0001:00001950 00000014 C=CODE    S=CODE32   G=FLAT     M=System@62     ACBP=A9
0001:00001964 00000010 C=CODE    S=CODE32   G=FLAT     M=System@63     ACBP=A9
0001:00001974 00000025 C=CODE    S=CODE32   G=FLAT     M=System@66     ACBP=A9
0001:0000199C 0000002F C=CODE    S=CODE32   G=FLAT     M=System@67     ACBP=A9
0001:000019CC 00000014 C=CODE    S=CODE32   G=FLAT     M=System@68     ACBP=A9
0001:000019E0 0000004D C=CODE    S=CODE32   G=FLAT     M=System@70     ACBP=A9
0001:00001A30 00000033 C=CODE    S=CODE32   G=FLAT     M=System@71     ACBP=A9
0001:00001A64 00000058 C=CODE    S=CODE32   G=FLAT     M=System@72     ACBP=A9
0001:00001ABC 00000060 C=CODE    S=CODE32   G=FLAT     M=System@75     ACBP=A9
0001:00001B1C 00000025 C=CODE    S=CODE32   G=FLAT     M=System@76     ACBP=A9
0001:00001B44 00000031 C=CODE    S=CODE32   G=FLAT     M=System@110    ACBP=A9
0001:00001B78 00000074 C=CODE    S=CODE32   G=FLAT     M=System@111    ACBP=A9
0001:00001BEC 00000048 C=CODE    S=CODE32   G=FLAT     M=System@118    ACBP=A9
0001:00001C34 0000004A C=CODE    S=CODE32   G=FLAT     M=System@120    ACBP=A9
0001:00001C80 00000030 C=CODE    S=CODE32   G=FLAT     M=System@121    ACBP=A9
0001:00001CB0 0000005B C=CODE    S=CODE32   G=FLAT     M=System@128    ACBP=A9
0001:00001D0C 0000002C C=CODE    S=CODE32   G=FLAT     M=System@129    ACBP=A9
0001:00001D38 00000022 C=CODE    S=CODE32   G=FLAT     M=System@130    ACBP=A9
0001:00001D5C 00000021 C=CODE    S=CODE32   G=FLAT     M=System@192    ACBP=A9
0001:00001D80 0000003E C=CODE    S=CODE32   G=FLAT     M=System@202    ACBP=A9
0001:00001DC0 00000010 C=CODE    S=CODE32   G=FLAT     M=System@209    ACBP=A9
0001:00001DD0 00000020 C=CODE    S=CODE32   G=FLAT     M=System@210    ACBP=A9
0001:00001DF0 00000061 C=CODE    S=CODE32   G=FLAT     M=System@212    ACBP=A9
0001:00001E54 0000005C C=CODE    S=CODE32   G=FLAT     M=System@213    ACBP=A9
0001:00001EB0 00000023 C=CODE    S=CODE32   G=FLAT     M=System@215    ACBP=A9
0001:00001ED4 0000002D C=CODE    S=CODE32   G=FLAT     M=System@219    ACBP=A9
0001:00001F04 00000034 C=CODE    S=CODE32   G=FLAT     M=System@225    ACBP=A9
0001:00001F38 00000050 C=CODE    S=CODE32   G=FLAT     M=System@229    ACBP=A9
0001:00001F88 00000013 C=CODE    S=CODE32   G=FLAT     M=System@235    ACBP=A9
0001:00001F9C 0000003F C=CODE    S=CODE32   G=FLAT     M=System@236    ACBP=A9
0001:00001FDC 00000018 C=CODE    S=CODE32   G=FLAT     M=System@238    ACBP=A9
0001:00001FF4 0000004B C=CODE    S=CODE32   G=FLAT     M=System@240    ACBP=A9
0001:00002040 00000015 C=CODE    S=CODE32   G=FLAT     M=System@241    ACBP=A9
0001:00002058 00000015 C=CODE    S=CODE32   G=FLAT     M=System@242    ACBP=A9
0001:00002070 0000003A C=CODE    S=CODE32   G=FLAT     M=System@244    ACBP=A9
0001:000020AC 00000012 C=CODE    S=CODE32   G=FLAT     M=System@246    ACBP=A9
0001:000020C0 0000002A C=CODE    S=CODE32   G=FLAT     M=System@247    ACBP=A9
0001:000020EC 0000001D C=CODE    S=CODE32   G=FLAT     M=System@248    ACBP=A9
0001:0000210C 0000000E C=CODE    S=CODE32   G=FLAT     M=System@249    ACBP=A9
0001:0000211C 000000D8 C=CODE    S=CODE32   G=FLAT     M=System@250    ACBP=A9
0001:000021F4 0000002B C=CODE    S=CODE32   G=FLAT     M=System@251    ACBP=A9
0001:00002220 00000072 C=CODE    S=CODE32   G=FLAT     M=System@252    ACBP=A9
0001:00002294 00000006 C=CODE    S=CODE32   G=FLAT     M=System@277    ACBP=A9
0001:0000229C 00000013 C=CODE    S=CODE32   G=FLAT     M=System@278    ACBP=A9
0001:000022B0 00000000 C=CODE    S=CODE32   G=FLAT     M=System@279    ACBP=A9
0001:000022B0 00000021 C=CODE    S=CODE32   G=FLAT     M=System@280    ACBP=A9
0001:000022D4 00000034 C=CODE    S=CODE32   G=FLAT     M=System@281    ACBP=A9
0001:00002308 0000001B C=CODE    S=CODE32   G=FLAT     M=System@282    ACBP=A9
0001:00002324 00000015 C=CODE    S=CODE32   G=FLAT     M=System@283    ACBP=A9
0001:0000233C 00000046 C=CODE    S=CODE32   G=FLAT     M=System@284    ACBP=A9
0001:00002384 00000017 C=CODE    S=CODE32   G=FLAT     M=System@285    ACBP=A9
0001:0000239C 0000000D C=CODE    S=CODE32   G=FLAT     M=System@286    ACBP=A9
0001:000023AC 0000000E C=CODE    S=CODE32   G=FLAT     M=System@287    ACBP=A9
0001:000023BC 0000003E C=CODE    S=CODE32   G=FLAT     M=System@288    ACBP=A9
0001:000023FC 000000A5 C=CODE    S=CODE32   G=FLAT     M=System@289    ACBP=A9
0001:000024A4 00000051 C=CODE    S=CODE32   G=FLAT     M=System@290    ACBP=A9
0001:000024F8 00000131 C=CODE    S=CODE32   G=FLAT     M=System@296    ACBP=A9
0001:0000262C 0000009C C=CODE    S=CODE32   G=FLAT     M=System@298    ACBP=A9
0001:000026C8 000000F3 C=CODE    S=CODE32   G=FLAT     M=System@300    ACBP=A9
0001:000027BC 00000120 C=CODE    S=CODE32   G=FLAT     M=System@301    ACBP=A9
0001:000028DC 0000005C C=CODE    S=CODE32   G=FLAT     M=System@302    ACBP=A9
0001:00002938 00000063 C=CODE    S=CODE32   G=FLAT     M=System@304    ACBP=A9
0001:0000299C 00000008 C=CODE    S=CODE32   G=FLAT     M=System@307    ACBP=A9
0001:000029A4 00000068 C=CODE    S=CODE32   G=FLAT     M=System@309    ACBP=A9
0001:000029A4 00000000 C=CODE    S=CODE32   G=FLAT     M=System@308    ACBP=A9
0001:00002A0C 00000055 C=CODE    S=CODE32   G=FLAT     M=System@312    ACBP=A9
0001:00002A64 00000023 C=CODE    S=CODE32   G=FLAT     M=System@313    ACBP=A9
0001:00002A88 0000000F C=CODE    S=CODE32   G=FLAT     M=System@319    ACBP=A9
0001:00002A98 000000E9 C=CODE    S=CODE32   G=FLAT     M=System@328    ACBP=A9
0001:00002B84 0000000A C=CODE    S=CODE32   G=FLAT     M=System@329    ACBP=A9
0001:00002B90 00000003 C=CODE    S=CODE32   G=FLAT     M=VPSysLow@30   ACBP=A9
0001:00002B94 00000006 C=CODE    S=CODE32   G=FLAT     M=VPSysLow@31   ACBP=A9
0001:00002B9C 00000006 C=CODE    S=CODE32   G=FLAT     M=VPSysLow@32   ACBP=A9
0001:00002BA4 00000036 C=CODE    S=CODE32   G=FLAT     M=VPSysLow@34   ACBP=A9
0001:00002BDC 00000037 C=CODE    S=CODE32   G=FLAT     M=VPSysLow@35   ACBP=A9
0001:00002C14 0000001C C=CODE    S=CODE32   G=FLAT     M=VPSysLow@37   ACBP=A9
0001:00002C30 0000001D C=CODE    S=CODE32   G=FLAT     M=VPSysLow@38   ACBP=A9
0001:00002C50 0000001D C=CODE    S=CODE32   G=FLAT     M=VPSysLow@39   ACBP=A9
0001:00002C70 00000015 C=CODE    S=CODE32   G=FLAT     M=VPSysLow@40   ACBP=A9
0001:00002C88 00000020 C=CODE    S=CODE32   G=FLAT     M=VPSysLow@41   ACBP=A9
0001:00002CA8 0000002A C=CODE    S=CODE32   G=FLAT     M=VPSysLow@45   ACBP=A9
0001:00002CD4 00000019 C=CODE    S=CODE32   G=FLAT     M=VPSysLow@51   ACBP=A9
0001:00002CF0 00000012 C=CODE    S=CODE32   G=FLAT     M=VPSysLow@52   ACBP=A9
0001:00002D04 00000020 C=CODE    S=CODE32   G=FLAT     M=VPSysLow@56   ACBP=A9
0001:00002D24 00000014 C=CODE    S=CODE32   G=FLAT     M=VPSysLow@63   ACBP=A9
0001:00002D38 00000065 C=CODE    S=CODE32   G=FLAT     M=VPSysLow@67   ACBP=A9
0001:00002DA0 0000003F C=CODE    S=CODE32   G=FLAT     M=VPSysLow@68   ACBP=A9
0001:00002DE0 0000005D C=CODE    S=CODE32   G=FLAT     M=VPSysLow@69   ACBP=A9
0001:00002E40 00000020 C=CODE    S=CODE32   G=FLAT     M=VPSysLow@70   ACBP=A9
0001:00002E60 0000001F C=CODE    S=CODE32   G=FLAT     M=VPSysLow@71   ACBP=A9
0001:00002E80 0000009D C=CODE    S=CODE32   G=FLAT     M=VPSysLow@72   ACBP=A9
0001:00002F20 00000084 C=CODE    S=CODE32   G=FLAT     M=VPSysLow@181  ACBP=A9
0001:00002FA4 00000070 C=CODE    S=CODE32   G=FLAT     M=VPSysLow@182  ACBP=A9
0001:00003014 0000001A C=CODE    S=CODE32   G=FLAT     M=VPSysLow@183  ACBP=A9
0001:00003030 00000017 C=CODE    S=CODE32   G=FLAT     M=VPSysLow@184  ACBP=A9
0001:00003048 00000012 C=CODE    S=CODE32   G=FLAT     M=VPSysLow@185  ACBP=A9
0001:0000305C 00000014 C=CODE    S=CODE32   G=FLAT     M=Strings@1     ACBP=A9
0001:00003070 0000002B C=CODE    S=CODE32   G=FLAT     M=Strings@3     ACBP=A9
0001:0000309C 0000001B C=CODE    S=CODE32   G=FLAT     M=Strings@7     ACBP=A9
0002:00000000 00000250 C=CONST   S=CONST32  G=DGROUP   M=C:\UTILS\VP21\Projects\VMAN\VMAN_Proba.pas ACBP=A9
0002:00000250 00000000 C=CONST   S=CONST32  G=DGROUP   M=Os2MM@7       ACBP=A9
0002:00000250 00000000 C=CONST   S=CONST32  G=DGROUP   M=Os2MM@9       ACBP=A9
0002:00000250 00000000 C=CONST   S=CONST32  G=DGROUP   M=Os2PmApi@0    ACBP=A9
0002:00000250 00000013 C=CONST   S=CONST32  G=DGROUP   M=Os2PmApi@1    ACBP=A9
0002:00000250 00000000 C=CONST   S=CONST32  G=DGROUP   M=PMGRE@1       ACBP=A9
0002:00000250 00000000 C=CONST   S=CONST32  G=DGROUP   M=PMGRE@0       ACBP=A9
0002:00000250 00000000 C=CONST   S=CONST32  G=DGROUP   M=Os2MM@8       ACBP=A9
0002:00000264 00000000 C=CONST   S=CONST32  G=DGROUP   M=System@31     ACBP=A9
0002:00000264 00000000 C=CONST   S=CONST32  G=DGROUP   M=System@22     ACBP=A9
0002:00000264 00000000 C=CONST   S=CONST32  G=DGROUP   M=System@20     ACBP=A9
0002:00000264 00000000 C=CONST   S=CONST32  G=DGROUP   M=System@19     ACBP=A9
0002:00000264 00000000 C=CONST   S=CONST32  G=DGROUP   M=Os2PmApi@2    ACBP=A9
0002:00000264 0000000E C=CONST   S=CONST32  G=DGROUP   M=System@41     ACBP=A9
0002:00000264 00000000 C=CONST   S=CONST32  G=DGROUP   M=System@40     ACBP=A9
0002:00000264 00000000 C=CONST   S=CONST32  G=DGROUP   M=System@39     ACBP=A9
0002:00000264 00000000 C=CONST   S=CONST32  G=DGROUP   M=System@33     ACBP=A9
0002:00000264 00000000 C=CONST   S=CONST32  G=DGROUP   M=System@32     ACBP=A9
0002:00000274 00000000 C=CONST   S=CONST32  G=DGROUP   M=System@76     ACBP=A9
0002:00000274 00000000 C=CONST   S=CONST32  G=DGROUP   M=System@312    ACBP=A9
0002:00000274 00000000 C=CONST   S=CONST32  G=DGROUP   M=System@300    ACBP=A9
0002:00000274 00000000 C=CONST   S=CONST32  G=DGROUP   M=System@66     ACBP=A9
0002:00000274 00000000 C=CONST   S=CONST32  G=DGROUP   M=System@61     ACBP=A9
0002:00000274 00000000 C=CONST   S=CONST32  G=DGROUP   M=System@62     ACBP=A9
0002:00000274 00000000 C=CONST   S=CONST32  G=DGROUP   M=System@70     ACBP=A9
0002:00000274 00000000 C=CONST   S=CONST32  G=DGROUP   M=System@121    ACBP=A9
0002:00000274 00000000 C=CONST   S=CONST32  G=DGROUP   M=System@67     ACBP=A9
0002:00000274 00000000 C=CONST   S=CONST32  G=DGROUP   M=System@68     ACBP=A9
0002:00000274 00000000 C=CONST   S=CONST32  G=DGROUP   M=System@63     ACBP=A9
0002:00000274 00000000 C=CONST   S=CONST32  G=DGROUP   M=System@110    ACBP=A9
0002:00000274 00000000 C=CONST   S=CONST32  G=DGROUP   M=System@72     ACBP=A9
0002:00000274 00000000 C=CONST   S=CONST32  G=DGROUP   M=System@75     ACBP=A9
0002:00000274 00000000 C=CONST   S=CONST32  G=DGROUP   M=System@120    ACBP=A9
0002:00000274 00000000 C=CONST   S=CONST32  G=DGROUP   M=System@71     ACBP=A9
0002:00000274 00000000 C=CONST   S=CONST32  G=DGROUP   M=System@111    ACBP=A9
0002:00000274 00000000 C=CONST   S=CONST32  G=DGROUP   M=System@118    ACBP=A9
0002:00000274 00000000 C=CONST   S=CONST32  G=DGROUP   M=System@313    ACBP=A9
0002:00000274 00000000 C=CONST   S=CONST32  G=DGROUP   M=System@290    ACBP=A9
0002:00000274 00000000 C=CONST   S=CONST32  G=DGROUP   M=VPSysLow@51   ACBP=A9
0002:00000274 00000000 C=CONST   S=CONST32  G=DGROUP   M=System@329    ACBP=A9
0002:00000274 00000000 C=CONST   S=CONST32  G=DGROUP   M=VPSysLow@39   ACBP=A9
0002:00000274 00000000 C=CONST   S=CONST32  G=DGROUP   M=VPSysLow@68   ACBP=A9
0002:00000274 00000000 C=CONST   S=CONST32  G=DGROUP   M=System@308    ACBP=A9
0002:00000274 00000000 C=CONST   S=CONST32  G=DGROUP   M=VPSysLow@30   ACBP=A9
0002:00000274 00000000 C=CONST   S=CONST32  G=DGROUP   M=VPSysLow@45   ACBP=A9
0002:00000274 00000000 C=CONST   S=CONST32  G=DGROUP   M=System@328    ACBP=A9
0002:00000274 00000000 C=CONST   S=CONST32  G=DGROUP   M=VPSysLow@52   ACBP=A9
0002:00000274 00000000 C=CONST   S=CONST32  G=DGROUP   M=System@298    ACBP=A9
0002:00000274 00000000 C=CONST   S=CONST32  G=DGROUP   M=VPSysLow@31   ACBP=A9
0002:00000274 00000000 C=CONST   S=CONST32  G=DGROUP   M=VPSysLow@69   ACBP=A9
0002:00000274 00000000 C=CONST   S=CONST32  G=DGROUP   M=System@319    ACBP=A9
0002:00000274 00000000 C=CONST   S=CONST32  G=DGROUP   M=System@296    ACBP=A9
0002:00000274 00000000 C=CONST   S=CONST32  G=DGROUP   M=System@307    ACBP=A9
0002:00000274 00000000 C=CONST   S=CONST32  G=DGROUP   M=System@302    ACBP=A9
0002:00000274 00000000 C=CONST   S=CONST32  G=DGROUP   M=VPSysLow@41   ACBP=A9
0002:00000274 00000000 C=CONST   S=CONST32  G=DGROUP   M=VPSysLow@38   ACBP=A9
0002:00000274 00000000 C=CONST   S=CONST32  G=DGROUP   M=System@304    ACBP=A9
0002:00000274 00000000 C=CONST   S=CONST32  G=DGROUP   M=System@301    ACBP=A9
0002:00000274 00000000 C=CONST   S=CONST32  G=DGROUP   M=VPSysLow@34   ACBP=A9
0002:00000274 00000000 C=CONST   S=CONST32  G=DGROUP   M=VPSysLow@63   ACBP=A9
0002:00000274 00000000 C=CONST   S=CONST32  G=DGROUP   M=VPSysLow@32   ACBP=A9
0002:00000274 00000000 C=CONST   S=CONST32  G=DGROUP   M=VPSysLow@56   ACBP=A9
0002:00000274 00000000 C=CONST   S=CONST32  G=DGROUP   M=VPSysLow@37   ACBP=A9
0002:00000274 00000000 C=CONST   S=CONST32  G=DGROUP   M=VPSysLow@35   ACBP=A9
0002:00000274 00000008 C=CONST   S=CONST32  G=DGROUP   M=VPSysLow@181  ACBP=A9
0002:00000274 00000000 C=CONST   S=CONST32  G=DGROUP   M=System@309    ACBP=A9
0002:00000274 00000000 C=CONST   S=CONST32  G=DGROUP   M=VPSysLow@72   ACBP=A9
0002:00000274 00000000 C=CONST   S=CONST32  G=DGROUP   M=VPSysLow@71   ACBP=A9
0002:00000274 00000000 C=CONST   S=CONST32  G=DGROUP   M=VPSysLow@67   ACBP=A9
0002:00000274 00000000 C=CONST   S=CONST32  G=DGROUP   M=VPSysLow@70   ACBP=A9
0002:00000274 00000000 C=CONST   S=CONST32  G=DGROUP   M=VPSysLow@40   ACBP=A9
0002:00000274 00000000 C=CONST   S=CONST32  G=DGROUP   M=System@281    ACBP=A9
0002:00000274 00000000 C=CONST   S=CONST32  G=DGROUP   M=System@242    ACBP=A9
0002:00000274 00000000 C=CONST   S=CONST32  G=DGROUP   M=System@280    ACBP=A9
0002:00000274 00000000 C=CONST   S=CONST32  G=DGROUP   M=System@251    ACBP=A9
0002:00000274 00000000 C=CONST   S=CONST32  G=DGROUP   M=System@246    ACBP=A9
0002:00000274 00000000 C=CONST   S=CONST32  G=DGROUP   M=System@285    ACBP=A9
0002:00000274 00000000 C=CONST   S=CONST32  G=DGROUP   M=System@241    ACBP=A9
0002:00000274 00000000 C=CONST   S=CONST32  G=DGROUP   M=System@247    ACBP=A9
0002:00000274 00000000 C=CONST   S=CONST32  G=DGROUP   M=System@44     ACBP=A9
0002:00000274 00000000 C=CONST   S=CONST32  G=DGROUP   M=System@46     ACBP=A9
0002:00000274 00000000 C=CONST   S=CONST32  G=DGROUP   M=System@287    ACBP=A9
0002:00000274 00000000 C=CONST   S=CONST32  G=DGROUP   M=System@250    ACBP=A9
0002:00000274 00000000 C=CONST   S=CONST32  G=DGROUP   M=System@252    ACBP=A9
0002:00000274 00000000 C=CONST   S=CONST32  G=DGROUP   M=System@282    ACBP=A9
0002:00000274 00000000 C=CONST   S=CONST32  G=DGROUP   M=System@248    ACBP=A9
0002:00000274 00000000 C=CONST   S=CONST32  G=DGROUP   M=System@278    ACBP=A9
0002:00000274 00000000 C=CONST   S=CONST32  G=DGROUP   M=System@238    ACBP=A9
0002:00000274 00000000 C=CONST   S=CONST32  G=DGROUP   M=System@277    ACBP=A9
0002:00000274 00000000 C=CONST   S=CONST32  G=DGROUP   M=System@288    ACBP=A9
0002:00000274 00000000 C=CONST   S=CONST32  G=DGROUP   M=System@284    ACBP=A9
0002:00000274 00000000 C=CONST   S=CONST32  G=DGROUP   M=System@283    ACBP=A9
0002:00000274 00000000 C=CONST   S=CONST32  G=DGROUP   M=System@249    ACBP=A9
0002:00000274 00000000 C=CONST   S=CONST32  G=DGROUP   M=System@286    ACBP=A9
0002:00000274 00000000 C=CONST   S=CONST32  G=DGROUP   M=System@244    ACBP=A9
0002:00000274 00000000 C=CONST   S=CONST32  G=DGROUP   M=System@289    ACBP=A9
0002:00000274 00000000 C=CONST   S=CONST32  G=DGROUP   M=System@279    ACBP=A9
0002:00000274 00000000 C=CONST   S=CONST32  G=DGROUP   M=System@240    ACBP=A9
0002:00000274 00000000 C=CONST   S=CONST32  G=DGROUP   M=System@47     ACBP=A9
0002:00000274 00000000 C=CONST   S=CONST32  G=DGROUP   M=System@128    ACBP=A9
0002:00000274 00000000 C=CONST   S=CONST32  G=DGROUP   M=System@129    ACBP=A9
0002:00000274 00000000 C=CONST   S=CONST32  G=DGROUP   M=System@130    ACBP=A9
0002:00000274 00000000 C=CONST   S=CONST32  G=DGROUP   M=System@209    ACBP=A9
0002:00000274 00000000 C=CONST   S=CONST32  G=DGROUP   M=System@210    ACBP=A9
0002:00000274 00000000 C=CONST   S=CONST32  G=DGROUP   M=System@192    ACBP=A9
0002:00000274 00000000 C=CONST   S=CONST32  G=DGROUP   M=System@212    ACBP=A9
0002:00000274 00000000 C=CONST   S=CONST32  G=DGROUP   M=System@225    ACBP=A9
0002:00000274 00000000 C=CONST   S=CONST32  G=DGROUP   M=System@215    ACBP=A9
0002:00000274 00000000 C=CONST   S=CONST32  G=DGROUP   M=System@213    ACBP=A9
0002:00000274 00000000 C=CONST   S=CONST32  G=DGROUP   M=System@229    ACBP=A9
0002:00000274 00000000 C=CONST   S=CONST32  G=DGROUP   M=System@235    ACBP=A9
0002:00000274 00000000 C=CONST   S=CONST32  G=DGROUP   M=System@236    ACBP=A9
0002:00000274 00000000 C=CONST   S=CONST32  G=DGROUP   M=System@202    ACBP=A9
0002:00000274 00000000 C=CONST   S=CONST32  G=DGROUP   M=System@59     ACBP=A9
0002:00000274 00000000 C=CONST   S=CONST32  G=DGROUP   M=System@60     ACBP=A9
0002:00000274 00000000 C=CONST   S=CONST32  G=DGROUP   M=System@43     ACBP=A9
0002:00000274 00000000 C=CONST   S=CONST32  G=DGROUP   M=System@42     ACBP=A9
0002:00000274 00000000 C=CONST   S=CONST32  G=DGROUP   M=System@50     ACBP=A9
0002:00000274 00000000 C=CONST   S=CONST32  G=DGROUP   M=System@58     ACBP=A9
0002:00000274 00000000 C=CONST   S=CONST32  G=DGROUP   M=System@219    ACBP=A9
0002:00000274 00000000 C=CONST   S=CONST32  G=DGROUP   M=System@55     ACBP=A9
0002:00000274 00000000 C=CONST   S=CONST32  G=DGROUP   M=System@56     ACBP=A9
0002:00000274 00000000 C=CONST   S=CONST32  G=DGROUP   M=System@57     ACBP=A9
0002:00000274 00000000 C=CONST   S=CONST32  G=DGROUP   M=System@54     ACBP=A9
0002:0000027C 00000008 C=CONST   S=CONST32  G=DGROUP   M=VPSysLow@182  ACBP=A9
0002:00000284 00000000 C=CONST   S=CONST32  G=DGROUP   M=VPSysLow@185  ACBP=A9
0002:00000284 0000001C C=DATA    S=DATA32   G=DGROUP   M=C:\UTILS\VP21\Projects\VMAN\VMAN_Proba.pas ACBP=A9
0002:00000284 00000000 C=CONST   S=CONST32  G=DGROUP   M=Strings@1     ACBP=A9
0002:00000284 00000000 C=CONST   S=CONST32  G=DGROUP   M=Strings@3     ACBP=A9
0002:00000284 00000000 C=CONST   S=CONST32  G=DGROUP   M=VPSysLow@183  ACBP=A9
0002:00000284 00000000 C=CONST   S=CONST32  G=DGROUP   M=VPSysLow@184  ACBP=A9
0002:00000284 00000000 C=CONST   S=CONST32  G=DGROUP   M=Strings@7     ACBP=A9
0002:000002A0 00000000 C=DATA    S=DATA32   G=DGROUP   M=PMGRE@1       ACBP=A9
0002:000002A0 00000028 C=DATA    S=DATA32   G=DGROUP   M=Os2MM@7       ACBP=A9
0002:000002A0 00000000 C=DATA    S=DATA32   G=DGROUP   M=PMGRE@0       ACBP=A9
0002:000002C8 0000000C C=DATA    S=DATA32   G=DGROUP   M=Os2MM@8       ACBP=A9
0002:000002D4 00000000 C=DATA    S=DATA32   G=DGROUP   M=Os2PmApi@0    ACBP=A9
0002:000002D4 00000000 C=DATA    S=DATA32   G=DGROUP   M=Os2PmApi@1    ACBP=A9
0002:000002D4 00000000 C=DATA    S=DATA32   G=DGROUP   M=Os2MM@9       ACBP=A9
0002:000002D4 0000006E C=DATA    S=DATA32   G=DGROUP   M=System@22     ACBP=A9
0002:000002D4 00000000 C=DATA    S=DATA32   G=DGROUP   M=Os2PmApi@2    ACBP=A9
0002:000002D4 00000000 C=DATA    S=DATA32   G=DGROUP   M=System@20     ACBP=A9
0002:000002D4 00000000 C=DATA    S=DATA32   G=DGROUP   M=System@19     ACBP=A9
0002:00000344 00000002 C=DATA    S=DATA32   G=DGROUP   M=System@31     ACBP=A9
0002:00000348 00000000 C=DATA    S=DATA32   G=DGROUP   M=System@32     ACBP=A9
0002:00000348 00000000 C=DATA    S=DATA32   G=DGROUP   M=System@33     ACBP=A9
0002:00000348 0000000C C=DATA    S=DATA32   G=DGROUP   M=System@39     ACBP=A9
0002:00000354 0000000C C=DATA    S=DATA32   G=DGROUP   M=System@40     ACBP=A9
0002:00000360 00000000 C=DATA    S=DATA32   G=DGROUP   M=System@56     ACBP=A9
0002:00000360 00000000 C=DATA    S=DATA32   G=DGROUP   M=System@46     ACBP=A9
0002:00000360 00000000 C=DATA    S=DATA32   G=DGROUP   M=System@44     ACBP=A9
0002:00000360 00000000 C=DATA    S=DATA32   G=DGROUP   M=System@63     ACBP=A9
0002:00000360 00000000 C=DATA    S=DATA32   G=DGROUP   M=System@57     ACBP=A9
0002:00000360 00000000 C=DATA    S=DATA32   G=DGROUP   M=System@58     ACBP=A9
0002:00000360 00000000 C=DATA    S=DATA32   G=DGROUP   M=System@59     ACBP=A9
0002:00000360 00000000 C=DATA    S=DATA32   G=DGROUP   M=System@60     ACBP=A9
0002:00000360 00000000 C=DATA    S=DATA32   G=DGROUP   M=System@67     ACBP=A9
0002:00000360 00000000 C=DATA    S=DATA32   G=DGROUP   M=System@62     ACBP=A9
0002:00000360 00000000 C=DATA    S=DATA32   G=DGROUP   M=System@61     ACBP=A9
0002:00000360 00000000 C=DATA    S=DATA32   G=DGROUP   M=System@66     ACBP=A9
0002:00000360 00000000 C=DATA    S=DATA32   G=DGROUP   M=System@212    ACBP=A9
0002:00000360 00000000 C=DATA    S=DATA32   G=DGROUP   M=System@72     ACBP=A9
0002:00000360 00000000 C=DATA    S=DATA32   G=DGROUP   M=System@213    ACBP=A9
0002:00000360 00000000 C=DATA    S=DATA32   G=DGROUP   M=System@210    ACBP=A9
0002:00000360 00000000 C=DATA    S=DATA32   G=DGROUP   M=System@209    ACBP=A9
0002:00000360 00000000 C=DATA    S=DATA32   G=DGROUP   M=System@76     ACBP=A9
0002:00000360 00000000 C=DATA    S=DATA32   G=DGROUP   M=System@70     ACBP=A9
0002:00000360 00000000 C=DATA    S=DATA32   G=DGROUP   M=System@110    ACBP=A9
0002:00000360 00000000 C=DATA    S=DATA32   G=DGROUP   M=System@68     ACBP=A9
0002:00000360 00000000 C=DATA    S=DATA32   G=DGROUP   M=System@75     ACBP=A9
0002:00000360 00000000 C=DATA    S=DATA32   G=DGROUP   M=System@71     ACBP=A9
0002:00000360 00000000 C=DATA    S=DATA32   G=DGROUP   M=System@192    ACBP=A9
0002:00000360 00000000 C=DATA    S=DATA32   G=DGROUP   M=System@130    ACBP=A9
0002:00000360 00000000 C=DATA    S=DATA32   G=DGROUP   M=System@128    ACBP=A9
0002:00000360 00000000 C=DATA    S=DATA32   G=DGROUP   M=System@41     ACBP=A9
0002:00000360 00000000 C=DATA    S=DATA32   G=DGROUP   M=System@129    ACBP=A9
0002:00000360 00000000 C=DATA    S=DATA32   G=DGROUP   M=System@118    ACBP=A9
0002:00000360 00000000 C=DATA    S=DATA32   G=DGROUP   M=System@202    ACBP=A9
0002:00000360 00000002 C=DATA    S=DATA32   G=DGROUP   M=System@215    ACBP=A9
0002:00000360 00000000 C=DATA    S=DATA32   G=DGROUP   M=System@120    ACBP=A9
0002:00000360 00000000 C=DATA    S=DATA32   G=DGROUP   M=System@111    ACBP=A9
0002:00000360 00000000 C=DATA    S=DATA32   G=DGROUP   M=System@121    ACBP=A9
0002:00000360 00000000 C=DATA    S=DATA32   G=DGROUP   M=System@55     ACBP=A9
0002:00000360 00000000 C=DATA    S=DATA32   G=DGROUP   M=System@54     ACBP=A9
0002:00000360 00000000 C=DATA    S=DATA32   G=DGROUP   M=System@50     ACBP=A9
0002:00000360 00000000 C=DATA    S=DATA32   G=DGROUP   M=System@47     ACBP=A9
0002:00000360 00000000 C=DATA    S=DATA32   G=DGROUP   M=System@42     ACBP=A9
0002:00000360 00000000 C=DATA    S=DATA32   G=DGROUP   M=System@43     ACBP=A9
0002:00000364 00000004 C=DATA    S=DATA32   G=DGROUP   M=System@279    ACBP=A9
0002:00000364 00000000 C=DATA    S=DATA32   G=DGROUP   M=System@244    ACBP=A9
0002:00000364 00000000 C=DATA    S=DATA32   G=DGROUP   M=System@251    ACBP=A9
0002:00000364 00000000 C=DATA    S=DATA32   G=DGROUP   M=System@252    ACBP=A9
0002:00000364 00000000 C=DATA    S=DATA32   G=DGROUP   M=System@235    ACBP=A9
0002:00000364 00000000 C=DATA    S=DATA32   G=DGROUP   M=System@240    ACBP=A9
0002:00000364 00000000 C=DATA    S=DATA32   G=DGROUP   M=System@238    ACBP=A9
0002:00000364 00000000 C=DATA    S=DATA32   G=DGROUP   M=System@246    ACBP=A9
0002:00000364 00000000 C=DATA    S=DATA32   G=DGROUP   M=System@236    ACBP=A9
0002:00000364 00000000 C=DATA    S=DATA32   G=DGROUP   M=System@241    ACBP=A9
0002:00000364 00000000 C=DATA    S=DATA32   G=DGROUP   M=System@242    ACBP=A9
0002:00000364 00000000 C=DATA    S=DATA32   G=DGROUP   M=System@229    ACBP=A9
0002:00000364 00000000 C=DATA    S=DATA32   G=DGROUP   M=System@225    ACBP=A9
0002:00000364 00000000 C=DATA    S=DATA32   G=DGROUP   M=System@219    ACBP=A9
0002:00000364 00000000 C=DATA    S=DATA32   G=DGROUP   M=System@278    ACBP=A9
0002:00000364 00000000 C=DATA    S=DATA32   G=DGROUP   M=System@248    ACBP=A9
0002:00000364 00000000 C=DATA    S=DATA32   G=DGROUP   M=System@250    ACBP=A9
0002:00000364 00000000 C=DATA    S=DATA32   G=DGROUP   M=System@247    ACBP=A9
0002:00000364 00000000 C=DATA    S=DATA32   G=DGROUP   M=System@249    ACBP=A9
0002:00000364 00000000 C=DATA    S=DATA32   G=DGROUP   M=System@277    ACBP=A9
0002:00000368 00000000 C=DATA    S=DATA32   G=DGROUP   M=System@281    ACBP=A9
0002:00000368 00000001 C=DATA    S=DATA32   G=DGROUP   M=System@284    ACBP=A9
0002:00000368 00000000 C=DATA    S=DATA32   G=DGROUP   M=System@283    ACBP=A9
0002:00000368 00000000 C=DATA    S=DATA32   G=DGROUP   M=System@282    ACBP=A9
0002:00000368 00000000 C=DATA    S=DATA32   G=DGROUP   M=System@280    ACBP=A9
0002:0000036C 00000000 C=DATA    S=DATA32   G=DGROUP   M=System@287    ACBP=A9
0002:0000036C 00000000 C=DATA    S=DATA32   G=DGROUP   M=System@288    ACBP=A9
0002:0000036C 00000046 C=DATA    S=DATA32   G=DGROUP   M=System@289    ACBP=A9
0002:0000036C 00000000 C=DATA    S=DATA32   G=DGROUP   M=System@285    ACBP=A9
0002:0000036C 00000000 C=DATA    S=DATA32   G=DGROUP   M=System@286    ACBP=A9
0002:000003B4 00000000 C=DATA    S=DATA32   G=DGROUP   M=System@300    ACBP=A9
0002:000003B4 00000000 C=DATA    S=DATA32   G=DGROUP   M=System@290    ACBP=A9
0002:000003B4 00000000 C=DATA    S=DATA32   G=DGROUP   M=System@296    ACBP=A9
0002:000003B4 00000000 C=DATA    S=DATA32   G=DGROUP   M=System@307    ACBP=A9
0002:000003B4 00000000 C=DATA    S=DATA32   G=DGROUP   M=System@302    ACBP=A9
0002:000003B4 00000008 C=DATA    S=DATA32   G=DGROUP   M=System@308    ACBP=A9
0002:000003B4 00000000 C=DATA    S=DATA32   G=DGROUP   M=System@304    ACBP=A9
0002:000003B4 00000000 C=DATA    S=DATA32   G=DGROUP   M=System@301    ACBP=A9
0002:000003B4 00000000 C=DATA    S=DATA32   G=DGROUP   M=System@298    ACBP=A9
0002:000003BC 00000046 C=DATA    S=DATA32   G=DGROUP   M=System@328    ACBP=A9
0002:000003BC 00000000 C=DATA    S=DATA32   G=DGROUP   M=System@309    ACBP=A9
0002:000003BC 00000000 C=DATA    S=DATA32   G=DGROUP   M=System@319    ACBP=A9
0002:000003BC 00000000 C=DATA    S=DATA32   G=DGROUP   M=System@313    ACBP=A9
0002:000003BC 00000000 C=DATA    S=DATA32   G=DGROUP   M=System@312    ACBP=A9
0002:00000404 00000000 C=DATA    S=DATA32   G=DGROUP   M=VPSysLow@31   ACBP=A9
0002:00000404 00000000 C=DATA    S=DATA32   G=DGROUP   M=VPSysLow@32   ACBP=A9
0002:00000404 00000000 C=DATA    S=DATA32   G=DGROUP   M=VPSysLow@39   ACBP=A9
0002:00000404 00000000 C=DATA    S=DATA32   G=DGROUP   M=VPSysLow@40   ACBP=A9
0002:00000404 00000000 C=DATA    S=DATA32   G=DGROUP   M=System@329    ACBP=A9
0002:00000404 00000000 C=DATA    S=DATA32   G=DGROUP   M=VPSysLow@45   ACBP=A9
0002:00000404 00000000 C=DATA    S=DATA32   G=DGROUP   M=VPSysLow@30   ACBP=A9
0002:00000404 00000000 C=DATA    S=DATA32   G=DGROUP   M=VPSysLow@41   ACBP=A9
0002:00000404 00000000 C=DATA    S=DATA32   G=DGROUP   M=VPSysLow@68   ACBP=A9
0002:00000404 00000000 C=DATA    S=DATA32   G=DGROUP   M=VPSysLow@63   ACBP=A9
0002:00000404 00000000 C=DATA    S=DATA32   G=DGROUP   M=VPSysLow@56   ACBP=A9
0002:00000404 00000000 C=DATA    S=DATA32   G=DGROUP   M=VPSysLow@184  ACBP=A9
0002:00000404 00000000 C=DATA    S=DATA32   G=DGROUP   M=VPSysLow@185  ACBP=A9
0002:00000404 00000000 C=DATA    S=DATA32   G=DGROUP   M=VPSysLow@51   ACBP=A9
0002:00000404 00000000 C=DATA    S=DATA32   G=DGROUP   M=VPSysLow@70   ACBP=A9
0002:00000404 00000000 C=DATA    S=DATA32   G=DGROUP   M=VPSysLow@71   ACBP=A9
0002:00000404 00000000 C=DATA    S=DATA32   G=DGROUP   M=VPSysLow@69   ACBP=A9
0002:00000404 00000000 C=DATA    S=DATA32   G=DGROUP   M=VPSysLow@67   ACBP=A9
0002:00000404 00000000 C=DATA    S=DATA32   G=DGROUP   M=VPSysLow@52   ACBP=A9
0002:00000404 00000000 C=DATA    S=DATA32   G=DGROUP   M=VPSysLow@35   ACBP=A9
0002:00000404 00000000 C=DATA    S=DATA32   G=DGROUP   M=VPSysLow@182  ACBP=A9
0002:00000404 00000000 C=DATA    S=DATA32   G=DGROUP   M=VPSysLow@34   ACBP=A9
0002:00000404 00000000 C=DATA    S=DATA32   G=DGROUP   M=VPSysLow@37   ACBP=A9
0002:00000404 00000000 C=DATA    S=DATA32   G=DGROUP   M=VPSysLow@38   ACBP=A9
0002:00000404 00000000 C=DATA    S=DATA32   G=DGROUP   M=VPSysLow@183  ACBP=A9
0002:00000404 00000000 C=DATA    S=DATA32   G=DGROUP   M=Strings@7     ACBP=A9
0002:00000404 00000000 C=DATA    S=DATA32   G=DGROUP   M=Strings@1     ACBP=A9
0002:00000404 00000000 C=DATA    S=DATA32   G=DGROUP   M=Strings@3     ACBP=A9
0002:00000404 00000000 C=DATA    S=DATA32   G=DGROUP   M=VPSysLow@72   ACBP=A9
0002:00000404 00000000 C=DATA    S=DATA32   G=DGROUP   M=VPSysLow@181  ACBP=A9
0002:000006E0 00000000 C=TLS     S=TLS      G=DGROUP   M=C:\UTILS\VP21\Projects\VMAN\VMAN_Proba.pas ACBP=A9
0002:000006E0 00000000 C=TLS     S=TLS      G=DGROUP   M=PMGRE@0       ACBP=A9
0002:000006E0 00000000 C=TLS     S=TLS      G=DGROUP   M=Os2PmApi@2    ACBP=A9
0002:000006E0 00000000 C=TLS     S=TLS      G=DGROUP   M=Os2MM@7       ACBP=A9
0002:000006E0 00000000 C=TLS     S=TLS      G=DGROUP   M=PMGRE@1       ACBP=A9
0002:000006E0 00000000 C=TLS     S=TLS      G=DGROUP   M=Os2MM@8       ACBP=A9
0002:000006E0 00000000 C=TLS     S=TLS      G=DGROUP   M=Os2PmApi@1    ACBP=A9
0002:000006E0 00000018 C=TLS     S=TLS      G=DGROUP   M=System@19     ACBP=A9
0002:000006E0 00000000 C=TLS     S=TLS      G=DGROUP   M=Os2MM@9       ACBP=A9
0002:000006E0 00000000 C=TLS     S=TLS      G=DGROUP   M=Os2PmApi@0    ACBP=A9
0002:000006F8 00000000 C=TLS     S=TLS      G=DGROUP   M=VPSysLow@32   ACBP=A9
0002:000006F8 00000000 C=TLS     S=TLS      G=DGROUP   M=VPSysLow@35   ACBP=A9
0002:000006F8 00000000 C=TLS     S=TLS      G=DGROUP   M=System@247    ACBP=A9
0002:000006F8 00000000 C=TLS     S=TLS      G=DGROUP   M=System@128    ACBP=A9
0002:000006F8 00000000 C=TLS     S=TLS      G=DGROUP   M=VPSysLow@37   ACBP=A9
0002:000006F8 00000000 C=TLS     S=TLS      G=DGROUP   M=System@118    ACBP=A9
0002:000006F8 00000000 C=TLS     S=TLS      G=DGROUP   M=System@215    ACBP=A9
0002:000006F8 00000000 C=TLS     S=TLS      G=DGROUP   M=System@236    ACBP=A9
0002:000006F8 00000000 C=TLS     S=TLS      G=DGROUP   M=System@238    ACBP=A9
0002:000006F8 00000000 C=TLS     S=TLS      G=DGROUP   M=System@33     ACBP=A9
0002:000006F8 00000000 C=TLS     S=TLS      G=DGROUP   M=VPSysLow@72   ACBP=A9
0002:000006F8 00000000 C=TLS     S=TLS      G=DGROUP   M=System@283    ACBP=A9
0002:000006F8 00000000 C=TLS     S=TLS      G=DGROUP   M=VPSysLow@181  ACBP=A9
0002:000006F8 00000000 C=TLS     S=TLS      G=DGROUP   M=System@22     ACBP=A9
0002:000006F8 00000000 C=TLS     S=TLS      G=DGROUP   M=System@298    ACBP=A9
0002:000006F8 00000000 C=TLS     S=TLS      G=DGROUP   M=System@39     ACBP=A9
0002:000006F8 00000000 C=TLS     S=TLS      G=DGROUP   M=System@32     ACBP=A9
0002:000006F8 00000000 C=TLS     S=TLS      G=DGROUP   M=System@312    ACBP=A9
0002:000006F8 00000000 C=TLS     S=TLS      G=DGROUP   M=System@240    ACBP=A9
0002:000006F8 00000000 C=TLS     S=TLS      G=DGROUP   M=System@209    ACBP=A9
0002:000006F8 00000000 C=TLS     S=TLS      G=DGROUP   M=System@75     ACBP=A9
0002:000006F8 00000000 C=TLS     S=TLS      G=DGROUP   M=System@76     ACBP=A9
0002:000006F8 00000000 C=TLS     S=TLS      G=DGROUP   M=System@319    ACBP=A9
0002:000006F8 00000000 C=TLS     S=TLS      G=DGROUP   M=VPSysLow@39   ACBP=A9
0002:000006F8 00000000 C=TLS     S=TLS      G=DGROUP   M=VPSysLow@30   ACBP=A9
0002:000006F8 00000000 C=TLS     S=TLS      G=DGROUP   M=System@313    ACBP=A9
0002:000006F8 00000000 C=TLS     S=TLS      G=DGROUP   M=System@120    ACBP=A9
0002:000006F8 00000000 C=TLS     S=TLS      G=DGROUP   M=System@229    ACBP=A9
0002:000006F8 00000000 C=TLS     S=TLS      G=DGROUP   M=System@235    ACBP=A9
0002:000006F8 00000000 C=TLS     S=TLS      G=DGROUP   M=System@129    ACBP=A9
0002:000006F8 00000000 C=TLS     S=TLS      G=DGROUP   M=System@130    ACBP=A9
0002:000006F8 00000000 C=TLS     S=TLS      G=DGROUP   M=VPSysLow@41   ACBP=A9
0002:000006F8 00000000 C=TLS     S=TLS      G=DGROUP   M=System@308    ACBP=A9
0002:000006F8 00000000 C=TLS     S=TLS      G=DGROUP   M=System@70     ACBP=A9
0002:000006F8 00000000 C=TLS     S=TLS      G=DGROUP   M=System@192    ACBP=A9
0002:000006F8 00000000 C=TLS     S=TLS      G=DGROUP   M=System@241    ACBP=A9
0002:000006F8 00000000 C=TLS     S=TLS      G=DGROUP   M=VPSysLow@40   ACBP=A9
0002:000006F8 00000000 C=TLS     S=TLS      G=DGROUP   M=System@249    ACBP=A9
0002:000006F8 00000083 C=BSS     S=BSS32    G=DGROUP   M=C:\UTILS\VP21\Projects\VMAN\VMAN_Proba.pas ACBP=A9
0002:000006F8 00000000 C=TLS     S=TLS      G=DGROUP   M=System@72     ACBP=A9
0002:000006F8 00000000 C=TLS     S=TLS      G=DGROUP   M=System@329    ACBP=A9
0002:000006F8 00000000 C=TLS     S=TLS      G=DGROUP   M=System@219    ACBP=A9
0002:000006F8 00000000 C=TLS     S=TLS      G=DGROUP   M=System@68     ACBP=A9
0002:000006F8 00000000 C=TLS     S=TLS      G=DGROUP   M=System@242    ACBP=A9
0002:000006F8 00000000 C=TLS     S=TLS      G=DGROUP   M=System@213    ACBP=A9
0002:000006F8 00000000 C=TLS     S=TLS      G=DGROUP   M=System@309    ACBP=A9
0002:000006F8 00000000 C=TLS     S=TLS      G=DGROUP   M=System@121    ACBP=A9
0002:000006F8 00000000 C=TLS     S=TLS      G=DGROUP   M=System@110    ACBP=A9
0002:000006F8 00000000 C=TLS     S=TLS      G=DGROUP   M=VPSysLow@31   ACBP=A9
0002:000006F8 00000000 C=TLS     S=TLS      G=DGROUP   M=System@210    ACBP=A9
0002:000006F8 00000000 C=TLS     S=TLS      G=DGROUP   M=VPSysLow@38   ACBP=A9
0002:000006F8 00000000 C=TLS     S=TLS      G=DGROUP   M=System@244    ACBP=A9
0002:000006F8 00000000 C=TLS     S=TLS      G=DGROUP   M=System@111    ACBP=A9
0002:000006F8 00000000 C=TLS     S=TLS      G=DGROUP   M=System@225    ACBP=A9
0002:000006F8 00000000 C=TLS     S=TLS      G=DGROUP   M=System@328    ACBP=A9
0002:000006F8 00000000 C=TLS     S=TLS      G=DGROUP   M=System@71     ACBP=A9
0002:000006F8 00000000 C=TLS     S=TLS      G=DGROUP   M=System@248    ACBP=A9
0002:000006F8 00000000 C=TLS     S=TLS      G=DGROUP   M=System@246    ACBP=A9
0002:000006F8 00000000 C=TLS     S=TLS      G=DGROUP   M=System@212    ACBP=A9
0002:000006F8 00000000 C=TLS     S=TLS      G=DGROUP   M=VPSysLow@34   ACBP=A9
0002:000006F8 00000000 C=TLS     S=TLS      G=DGROUP   M=System@202    ACBP=A9
0002:000006F8 00000000 C=TLS     S=TLS      G=DGROUP   M=System@277    ACBP=A9
0002:000006F8 00000000 C=TLS     S=TLS      G=DGROUP   M=System@58     ACBP=A9
0002:000006F8 00000000 C=TLS     S=TLS      G=DGROUP   M=System@251    ACBP=A9
0002:000006F8 00000000 C=TLS     S=TLS      G=DGROUP   M=System@56     ACBP=A9
0002:000006F8 00000000 C=TLS     S=TLS      G=DGROUP   M=System@54     ACBP=A9
0002:000006F8 00000000 C=TLS     S=TLS      G=DGROUP   M=VPSysLow@52   ACBP=A9
0002:000006F8 00000000 C=TLS     S=TLS      G=DGROUP   M=System@57     ACBP=A9
0002:000006F8 00000000 C=TLS     S=TLS      G=DGROUP   M=System@62     ACBP=A9
0002:000006F8 00000000 C=TLS     S=TLS      G=DGROUP   M=System@278    ACBP=A9
0002:000006F8 00000000 C=TLS     S=TLS      G=DGROUP   M=VPSysLow@51   ACBP=A9
0002:000006F8 00000000 C=TLS     S=TLS      G=DGROUP   M=System@63     ACBP=A9
0002:000006F8 00000000 C=TLS     S=TLS      G=DGROUP   M=System@302    ACBP=A9
0002:000006F8 00000000 C=TLS     S=TLS      G=DGROUP   M=VPSysLow@63   ACBP=A9
0002:000006F8 00000000 C=TLS     S=TLS      G=DGROUP   M=System@55     ACBP=A9
0002:000006F8 00000000 C=TLS     S=TLS      G=DGROUP   M=VPSysLow@67   ACBP=A9
0002:000006F8 00000000 C=TLS     S=TLS      G=DGROUP   M=System@250    ACBP=A9
0002:000006F8 00000000 C=TLS     S=TLS      G=DGROUP   M=VPSysLow@56   ACBP=A9
0002:000006F8 00000000 C=TLS     S=TLS      G=DGROUP   M=System@66     ACBP=A9
0002:000006F8 00000000 C=TLS     S=TLS      G=DGROUP   M=System@59     ACBP=A9
0002:000006F8 00000000 C=TLS     S=TLS      G=DGROUP   M=VPSysLow@68   ACBP=A9
0002:000006F8 00000000 C=TLS     S=TLS      G=DGROUP   M=System@50     ACBP=A9
0002:000006F8 00000000 C=TLS     S=TLS      G=DGROUP   M=System@252    ACBP=A9
0002:000006F8 00000000 C=TLS     S=TLS      G=DGROUP   M=VPSysLow@45   ACBP=A9
0002:000006F8 00000000 C=TLS     S=TLS      G=DGROUP   M=System@61     ACBP=A9
0002:000006F8 00000000 C=TLS     S=TLS      G=DGROUP   M=System@279    ACBP=A9
0002:000006F8 00000000 C=TLS     S=TLS      G=DGROUP   M=System@47     ACBP=A9
0002:000006F8 00000000 C=TLS     S=TLS      G=DGROUP   M=VPSysLow@69   ACBP=A9
0002:000006F8 00000000 C=TLS     S=TLS      G=DGROUP   M=System@60     ACBP=A9
0002:000006F8 00000000 C=TLS     S=TLS      G=DGROUP   M=System@67     ACBP=A9
0002:000006F8 00000000 C=TLS     S=TLS      G=DGROUP   M=System@46     ACBP=A9
0002:000006F8 00000000 C=TLS     S=TLS      G=DGROUP   M=System@307    ACBP=A9
0002:000006F8 00000000 C=TLS     S=TLS      G=DGROUP   M=System@40     ACBP=A9
0002:000006F8 00000000 C=TLS     S=TLS      G=DGROUP   M=System@42     ACBP=A9
0002:000006F8 00000000 C=TLS     S=TLS      G=DGROUP   M=System@44     ACBP=A9
0002:000006F8 00000000 C=TLS     S=TLS      G=DGROUP   M=System@282    ACBP=A9
0002:000006F8 00000000 C=TLS     S=TLS      G=DGROUP   M=VPSysLow@71   ACBP=A9
0002:000006F8 00000000 C=TLS     S=TLS      G=DGROUP   M=System@281    ACBP=A9
0002:000006F8 00000000 C=TLS     S=TLS      G=DGROUP   M=System@41     ACBP=A9
0002:000006F8 00000000 C=TLS     S=TLS      G=DGROUP   M=System@280    ACBP=A9
0002:000006F8 00000000 C=TLS     S=TLS      G=DGROUP   M=System@284    ACBP=A9
0002:000006F8 00000000 C=TLS     S=TLS      G=DGROUP   M=System@31     ACBP=A9
0002:000006F8 00000000 C=TLS     S=TLS      G=DGROUP   M=VPSysLow@182  ACBP=A9
0002:000006F8 00000000 C=TLS     S=TLS      G=DGROUP   M=System@300    ACBP=A9
0002:000006F8 00000000 C=TLS     S=TLS      G=DGROUP   M=System@301    ACBP=A9
0002:000006F8 00000000 C=TLS     S=TLS      G=DGROUP   M=System@43     ACBP=A9
0002:000006F8 00000000 C=TLS     S=TLS      G=DGROUP   M=VPSysLow@70   ACBP=A9
0002:000006F8 00000000 C=TLS     S=TLS      G=DGROUP   M=VPSysLow@183  ACBP=A9
0002:000006F8 00000000 C=TLS     S=TLS      G=DGROUP   M=System@285    ACBP=A9
0002:000006F8 00000000 C=TLS     S=TLS      G=DGROUP   M=VPSysLow@184  ACBP=A9
0002:000006F8 00000000 C=TLS     S=TLS      G=DGROUP   M=VPSysLow@185  ACBP=A9
0002:000006F8 00000000 C=TLS     S=TLS      G=DGROUP   M=System@304    ACBP=A9
0002:000006F8 00000000 C=TLS     S=TLS      G=DGROUP   M=System@296    ACBP=A9
0002:000006F8 00000000 C=TLS     S=TLS      G=DGROUP   M=System@286    ACBP=A9
0002:000006F8 00000000 C=TLS     S=TLS      G=DGROUP   M=System@287    ACBP=A9
0002:000006F8 00000000 C=TLS     S=TLS      G=DGROUP   M=Strings@1     ACBP=A9
0002:000006F8 00000000 C=TLS     S=TLS      G=DGROUP   M=System@288    ACBP=A9
0002:000006F8 00000000 C=TLS     S=TLS      G=DGROUP   M=System@20     ACBP=A9
0002:000006F8 00000000 C=TLS     S=TLS      G=DGROUP   M=System@290    ACBP=A9
0002:000006F8 00000000 C=TLS     S=TLS      G=DGROUP   M=Strings@3     ACBP=A9
0002:000006F8 00000000 C=TLS     S=TLS      G=DGROUP   M=System@289    ACBP=A9
0002:000006F8 00000000 C=TLS     S=TLS      G=DGROUP   M=Strings@7     ACBP=A9
0002:0000077C 00000004 C=BSS     S=BSS32    G=DGROUP   M=Os2PmApi@0    ACBP=A9
0002:0000077C 00000000 C=BSS     S=BSS32    G=DGROUP   M=Os2MM@9       ACBP=A9
0002:0000077C 00000000 C=BSS     S=BSS32    G=DGROUP   M=Os2MM@7       ACBP=A9
0002:0000077C 00000000 C=BSS     S=BSS32    G=DGROUP   M=Os2MM@8       ACBP=A9
0002:0000077C 00000000 C=BSS     S=BSS32    G=DGROUP   M=PMGRE@1       ACBP=A9
0002:0000077C 00000000 C=BSS     S=BSS32    G=DGROUP   M=PMGRE@0       ACBP=A9
0002:00000780 00000000 C=BSS     S=BSS32    G=DGROUP   M=Os2PmApi@2    ACBP=A9
0002:00000780 00000398 C=BSS     S=BSS32    G=DGROUP   M=System@20     ACBP=A9
0002:00000780 00000000 C=BSS     S=BSS32    G=DGROUP   M=System@19     ACBP=A9
0002:00000780 00000000 C=BSS     S=BSS32    G=DGROUP   M=Os2PmApi@1    ACBP=A9
0002:00000B18 00000000 C=BSS     S=BSS32    G=DGROUP   M=System@212    ACBP=A9
0002:00000B18 00000000 C=BSS     S=BSS32    G=DGROUP   M=System@329    ACBP=A9
0002:00000B18 00000000 C=BSS     S=BSS32    G=DGROUP   M=System@240    ACBP=A9
0002:00000B18 00000000 C=BSS     S=BSS32    G=DGROUP   M=System@213    ACBP=A9
0002:00000B18 00000000 C=BSS     S=BSS32    G=DGROUP   M=VPSysLow@51   ACBP=A9
0002:00000B18 00000000 C=BSS     S=BSS32    G=DGROUP   M=System@63     ACBP=A9
0002:00000B18 00000000 C=BSS     S=BSS32    G=DGROUP   M=System@62     ACBP=A9
0002:00000B18 00000000 C=BSS     S=BSS32    G=DGROUP   M=System@215    ACBP=A9
0002:00000B18 00000000 C=BSS     S=BSS32    G=DGROUP   M=System@247    ACBP=A9
0002:00000B18 00000000 C=BSS     S=BSS32    G=DGROUP   M=System@210    ACBP=A9
0002:00000B18 00000000 C=BSS     S=BSS32    G=DGROUP   M=VPSysLow@31   ACBP=A9
0002:00000B18 00000000 C=BSS     S=BSS32    G=DGROUP   M=System@128    ACBP=A9
0002:00000B18 00000000 C=BSS     S=BSS32    G=DGROUP   M=System@229    ACBP=A9
0002:00000B18 00000000 C=BSS     S=BSS32    G=DGROUP   M=System@328    ACBP=A9
0002:00000B18 00000000 C=BSS     S=BSS32    G=DGROUP   M=System@309    ACBP=A9
0002:00000B18 00000000 C=BSS     S=BSS32    G=DGROUP   M=System@120    ACBP=A9
0002:00000B18 00000000 C=BSS     S=BSS32    G=DGROUP   M=VPSysLow@35   ACBP=A9
0002:00000B18 00000000 C=BSS     S=BSS32    G=DGROUP   M=System@129    ACBP=A9
0002:00000B18 00000000 C=BSS     S=BSS32    G=DGROUP   M=System@313    ACBP=A9
0002:00000B18 00000000 C=BSS     S=BSS32    G=DGROUP   M=System@219    ACBP=A9
0002:00000B18 00000000 C=BSS     S=BSS32    G=DGROUP   M=System@235    ACBP=A9
0002:00000B18 00000000 C=BSS     S=BSS32    G=DGROUP   M=VPSysLow@30   ACBP=A9
0002:00000B18 00000000 C=BSS     S=BSS32    G=DGROUP   M=System@241    ACBP=A9
0002:00000B18 00000000 C=BSS     S=BSS32    G=DGROUP   M=System@319    ACBP=A9
0002:00000B18 00000000 C=BSS     S=BSS32    G=DGROUP   M=System@225    ACBP=A9
0002:00000B18 00000000 C=BSS     S=BSS32    G=DGROUP   M=System@238    ACBP=A9
0002:00000B18 00000000 C=BSS     S=BSS32    G=DGROUP   M=System@236    ACBP=A9
0002:00000B18 00000000 C=BSS     S=BSS32    G=DGROUP   M=VPSysLow@38   ACBP=A9
0002:00000B18 00000000 C=BSS     S=BSS32    G=DGROUP   M=System@308    ACBP=A9
0002:00000B18 00000000 C=BSS     S=BSS32    G=DGROUP   M=System@70     ACBP=A9
0002:00000B18 00000000 C=BSS     S=BSS32    G=DGROUP   M=System@75     ACBP=A9
0002:00000B18 00000000 C=BSS     S=BSS32    G=DGROUP   M=System@76     ACBP=A9
0002:00000B18 00000000 C=BSS     S=BSS32    G=DGROUP   M=VPSysLow@39   ACBP=A9
0002:00000B18 00000000 C=BSS     S=BSS32    G=DGROUP   M=System@118    ACBP=A9
0002:00000B18 00000000 C=BSS     S=BSS32    G=DGROUP   M=System@111    ACBP=A9
0002:00000B18 00000000 C=BSS     S=BSS32    G=DGROUP   M=VPSysLow@40   ACBP=A9
0002:00000B18 00000000 C=BSS     S=BSS32    G=DGROUP   M=System@249    ACBP=A9
0002:00000B18 00008000 C=STACK   S=STACK32  G=DGROUP   M=C:\UTILS\VP21\Projects\VMAN\VMAN_Proba.pas ACBP=B5
0002:00000B18 00000000 C=BSS     S=BSS32    G=DGROUP   M=System@71     ACBP=A9
0002:00000B18 00000000 C=BSS     S=BSS32    G=DGROUP   M=System@250    ACBP=A9
0002:00000B18 00000000 C=BSS     S=BSS32    G=DGROUP   M=System@307    ACBP=A9
0002:00000B18 00000000 C=BSS     S=BSS32    G=DGROUP   M=System@72     ACBP=A9
0002:00000B18 00000000 C=BSS     S=BSS32    G=DGROUP   M=VPSysLow@41   ACBP=A9
0002:00000B18 00000000 C=BSS     S=BSS32    G=DGROUP   M=System@110    ACBP=A9
0002:00000B18 00000000 C=BSS     S=BSS32    G=DGROUP   M=System@252    ACBP=A9
0002:00000B18 00000000 C=BSS     S=BSS32    G=DGROUP   M=System@251    ACBP=A9
0002:00000B18 00000000 C=BSS     S=BSS32    G=DGROUP   M=System@59     ACBP=A9
0002:00000B18 00000000 C=BSS     S=BSS32    G=DGROUP   M=VPSysLow@56   ACBP=A9
0002:00000B18 00000000 C=BSS     S=BSS32    G=DGROUP   M=VPSysLow@45   ACBP=A9
0002:00000B18 00000000 C=BSS     S=BSS32    G=DGROUP   M=System@304    ACBP=A9
0002:00000B18 00000000 C=BSS     S=BSS32    G=DGROUP   M=System@66     ACBP=A9
0002:00000B18 00000000 C=BSS     S=BSS32    G=DGROUP   M=System@67     ACBP=A9
0002:00000B18 00000000 C=BSS     S=BSS32    G=DGROUP   M=System@60     ACBP=A9
0002:00000B18 00000000 C=BSS     S=BSS32    G=DGROUP   M=System@277    ACBP=A9
0002:00000B18 00000000 C=BSS     S=BSS32    G=DGROUP   M=System@248    ACBP=A9
0002:00000B18 00000000 C=BSS     S=BSS32    G=DGROUP   M=System@68     ACBP=A9
0002:00000B18 00000000 C=BSS     S=BSS32    G=DGROUP   M=System@58     ACBP=A9
0002:00000B18 00000000 C=BSS     S=BSS32    G=DGROUP   M=System@302    ACBP=A9
0002:00000B18 00000000 C=BSS     S=BSS32    G=DGROUP   M=System@61     ACBP=A9
0002:00000B18 00000000 C=BSS     S=BSS32    G=DGROUP   M=VPSysLow@52   ACBP=A9
0002:00000B18 00000000 C=BSS     S=BSS32    G=DGROUP   M=VPSysLow@37   ACBP=A9
0002:00000B18 00000000 C=BSS     S=BSS32    G=DGROUP   M=System@44     ACBP=A9
0002:00000B18 00000000 C=BSS     S=BSS32    G=DGROUP   M=VPSysLow@69   ACBP=A9
0002:00000B18 00000000 C=BSS     S=BSS32    G=DGROUP   M=VPSysLow@68   ACBP=A9
0002:00000B18 00000000 C=BSS     S=BSS32    G=DGROUP   M=System@280    ACBP=A9
0002:00000B18 00000000 C=BSS     S=BSS32    G=DGROUP   M=System@56     ACBP=A9
0002:00000B18 00000000 C=BSS     S=BSS32    G=DGROUP   M=System@278    ACBP=A9
0002:00000B18 00000000 C=BSS     S=BSS32    G=DGROUP   M=System@46     ACBP=A9
0002:00000B18 00000000 C=BSS     S=BSS32    G=DGROUP   M=System@50     ACBP=A9
0002:00000B18 00000000 C=BSS     S=BSS32    G=DGROUP   M=System@286    ACBP=A9
0002:00000B18 00000000 C=BSS     S=BSS32    G=DGROUP   M=VPSysLow@184  ACBP=A9
0002:00000B18 00000000 C=BSS     S=BSS32    G=DGROUP   M=Strings@1     ACBP=A9
0002:00000B18 00000000 C=BSS     S=BSS32    G=DGROUP   M=VPSysLow@185  ACBP=A9
0002:00000B18 00000000 C=BSS     S=BSS32    G=DGROUP   M=System@47     ACBP=A9
0002:00000B18 00000000 C=BSS     S=BSS32    G=DGROUP   M=System@301    ACBP=A9
0002:00000B18 00000000 C=BSS     S=BSS32    G=DGROUP   M=System@287    ACBP=A9
0002:00000B18 00000000 C=BSS     S=BSS32    G=DGROUP   M=VPSysLow@71   ACBP=A9
0002:00000B18 00000000 C=BSS     S=BSS32    G=DGROUP   M=VPSysLow@70   ACBP=A9
0002:00000B18 00000000 C=BSS     S=BSS32    G=DGROUP   M=System@282    ACBP=A9
0002:00000B18 00000000 C=BSS     S=BSS32    G=DGROUP   M=System@42     ACBP=A9
0002:00000B18 00000000 C=BSS     S=BSS32    G=DGROUP   M=System@300    ACBP=A9
0002:00000B18 00000000 C=BSS     S=BSS32    G=DGROUP   M=System@40     ACBP=A9
0002:00000B18 00000000 C=BSS     S=BSS32    G=DGROUP   M=System@41     ACBP=A9
0002:00000B18 00000000 C=BSS     S=BSS32    G=DGROUP   M=System@43     ACBP=A9
0002:00000B18 00000000 C=BSS     S=BSS32    G=DGROUP   M=System@279    ACBP=A9
0002:00000B18 00000000 C=BSS     S=BSS32    G=DGROUP   M=VPSysLow@63   ACBP=A9
0002:00000B18 00000000 C=BSS     S=BSS32    G=DGROUP   M=System@57     ACBP=A9
0002:00000B18 00000000 C=BSS     S=BSS32    G=DGROUP   M=System@54     ACBP=A9
0002:00000B18 00000000 C=BSS     S=BSS32    G=DGROUP   M=System@281    ACBP=A9
0002:00000B18 00000000 C=BSS     S=BSS32    G=DGROUP   M=VPSysLow@67   ACBP=A9
0002:00000B18 00000000 C=BSS     S=BSS32    G=DGROUP   M=System@55     ACBP=A9
0002:00000B18 00000000 C=BSS     S=BSS32    G=DGROUP   M=System@192    ACBP=A9
0002:00000B18 00000000 C=BSS     S=BSS32    G=DGROUP   M=VPSysLow@32   ACBP=A9
0002:00000B18 00000000 C=BSS     S=BSS32    G=DGROUP   M=System@130    ACBP=A9
0002:00000B18 00000000 C=BSS     S=BSS32    G=DGROUP   M=System@285    ACBP=A9
0002:00000B18 00000000 C=BSS     S=BSS32    G=DGROUP   M=System@296    ACBP=A9
0002:00000B18 00000000 C=BSS     S=BSS32    G=DGROUP   M=VPSysLow@182  ACBP=A9
0002:00000B18 00000000 C=BSS     S=BSS32    G=DGROUP   M=System@22     ACBP=A9
0002:00000B18 00000000 C=BSS     S=BSS32    G=DGROUP   M=System@244    ACBP=A9
0002:00000B18 00000000 C=BSS     S=BSS32    G=DGROUP   M=VPSysLow@34   ACBP=A9
0002:00000B18 00000000 C=BSS     S=BSS32    G=DGROUP   M=System@121    ACBP=A9
0002:00000B18 00000000 C=BSS     S=BSS32    G=DGROUP   M=System@246    ACBP=A9
0002:00000B18 00000000 C=BSS     S=BSS32    G=DGROUP   M=System@242    ACBP=A9
0002:00000B18 00000000 C=BSS     S=BSS32    G=DGROUP   M=System@209    ACBP=A9
0002:00000B18 00000000 C=BSS     S=BSS32    G=DGROUP   M=System@312    ACBP=A9
0002:00000B18 00000000 C=BSS     S=BSS32    G=DGROUP   M=System@202    ACBP=A9
0002:00000B18 00000000 C=BSS     S=BSS32    G=DGROUP   M=System@288    ACBP=A9
0002:00000B18 00000000 C=BSS     S=BSS32    G=DGROUP   M=VPSysLow@181  ACBP=A9
0002:00000B18 00000000 C=BSS     S=BSS32    G=DGROUP   M=System@32     ACBP=A9
0002:00000B18 00000000 C=BSS     S=BSS32    G=DGROUP   M=System@290    ACBP=A9
0002:00000B18 00000000 C=BSS     S=BSS32    G=DGROUP   M=Strings@3     ACBP=A9
0002:00000B18 00000000 C=BSS     S=BSS32    G=DGROUP   M=Strings@7     ACBP=A9
0002:00000B18 00000000 C=BSS     S=BSS32    G=DGROUP   M=System@289    ACBP=A9
0002:00000B18 00000000 C=BSS     S=BSS32    G=DGROUP   M=System@31     ACBP=A9
0002:00000B18 00000000 C=BSS     S=BSS32    G=DGROUP   M=System@283    ACBP=A9
0002:00000B18 00000000 C=BSS     S=BSS32    G=DGROUP   M=System@284    ACBP=A9
0002:00000B18 00000000 C=BSS     S=BSS32    G=DGROUP   M=VPSysLow@183  ACBP=A9
0002:00000B18 00000000 C=BSS     S=BSS32    G=DGROUP   M=System@33     ACBP=A9
0002:00000B18 00000000 C=BSS     S=BSS32    G=DGROUP   M=System@298    ACBP=A9
0002:00000B18 00000000 C=BSS     S=BSS32    G=DGROUP   M=VPSysLow@72   ACBP=A9
0002:00000B18 00000000 C=BSS     S=BSS32    G=DGROUP   M=System@39     ACBP=A9

  Address         Publics by Name

 0002:000002B0       FourCC_BND
 0002:000002C4       FourCC_CF
 0002:000002C0       FourCC_CGRP
 0002:000002BC       FourCC_CTOC
 0002:000002B8       FourCC_DEL
 0002:000002D0       FOURCC_DIB
 0002:000002AC       FourCC_DOS
 0002:000002B4       FourCC_FREE
 0002:000002A4       FourCC_LIST
 0002:000002A8       FourCC_MEM
 0002:000002A0       FourCC_RIFF
 0002:000002CC       FOURCC_RT21
 0002:000002C8       FOURCC_ULTI
 0001:000012D4       Os2MM@$Init
 0001:000013DC       Os2PmApi@$Init
 0001:00001288       PMGRE@GreDeath
 0001:000012AC       PMGRE@GreResurrection
 0001:00001368       PM_RunTimeError
 0002:0000077C       SaveExitProc
 0001:00002FA4       SemAccessMutex
 0001:00003048       SemCloseMutex
 0001:00002F20       SemCreateMutex
 0001:00003030       SemReleaseMutex
 0001:00003014       SemRequestMutex
 0001:0000309C       Strings@StrCat
 0001:00003070       Strings@StrCopy
 0001:0000305C       Strings@StrEnd
 0001:00002E40       SysCmdln
 0001:00002DA0       SysCmdlnCount
 0001:00002DE0       SysCmdlnParam
 0001:00002D24       SysCtrlExitProcess
 0001:00002E80       SysCtrlGetTlsMapMem
 0001:00002D04       SysCtrlSelfAppType
 0001:00002C88       SysFileClose
 0001:00002BDC       SysFileCreate
 0001:00002CA8       SysFileIsDevice
 0001:00002BA4       SysFileOpen
 0001:00002C30       SysFileRead
 0001:00002C14       SysFileSeek
 0001:00002C70       SysFileSetSize
 0001:00002B9C       SysFileStdErr
 0001:00002B90       SysFileStdIn
 0001:00002B94       SysFileStdOut
 0001:00002C50       SysFileWrite
 0001:00002E60       SysGetProcessId
 0001:00002CD4       SysMemAlloc
 0001:00002CF0       SysMemFree
 0001:00002B84       System@$Init
 0001:000022D4       System@AddExitProc
 0001:000028DC       System@AddToTls
 0001:000027BC       System@AllocateTls_NewModule
 0001:000026C8       System@AllocateTls_NewThread
 0002:00000324       System@AllocMemCount
 0002:00000328       System@AllocMemSize
 0001:00002220       System@AppendFile
 0001:00001F9C       System@Assign_Text
 0002:00000318       System@CmdLine
 0001:00001D5C       System@ConvertPath
 0002:000002E8       System@DebugHook
 0001:000022B0       System@DoExitProc
 0001:00002308       System@DoExitProcs
 0001:0000233C       System@DoInit
 0001:00001F88       System@Do_Function
 0001:000014B0       System@EnterHeap
 0002:00000308       System@Environment
 0002:000002D8       System@ErrorAddr
 0002:000002F8       System@ErrorProc
 0002:0000030C       System@ExceptClsProc
 0002:00000314       System@ExceptionClass
 0002:000002DC       System@ExceptionNo
 0002:00000310       System@ExceptObjProc
 0002:000002F4       System@ExceptProc
 0002:000002D4       System@ExitCode
 0002:000002EC       System@ExitProc
 0002:00000364       System@ExitProcList
 0002:000006E8       System@FileMode
 0002:000006EC       System@FileModeReadWrite
 0001:00001DD0       System@FlushProc
 0001:000024F8       System@GetLocationInfo
 0001:0000154C       System@GetMemoryManager
 0001:0000299C       System@GetThreadId
 0002:00000350       System@hblAlloc
 0002:0000034C       System@hblNext
 0002:00000338       System@HeapAllocFlags
 0002:00000348       System@HeapBlockList
 0002:00000304       System@HeapError
 0002:00000334       System@HeapLimit
 0002:0000033C       System@HeapSemaphore
 0001:00002384       System@Hex2Str
 0001:0000142C       System@InitSemaphores
 0001:00001DC0       System@InOutProc
 0002:000006E0       System@InOutRes
 0002:00000780       System@Input
 0001:0000165C       System@InsertNewheapBlock
 0001:00001B44       System@Int2Str
 0002:000002E9       System@IsConsole
 0002:000002EA       System@IsMultiThread
 0001:000014D0       System@LeaveHeap
 0002:00000330       System@LgHeapBlock
 0002:00000300       System@LgHeapList
 0002:00000354       System@MemoryManager
 0001:000017F8       System@MergeSubBlock
 0002:0000031C       System@ModuleHandle
 0001:00001720       System@NewHeapBlock
 0001:000017C8       System@NewSubBlock
 0001:00001950       System@NextRandom
 0001:00002A88       System@NotifyUnhandled
 0001:00001618       System@OSReallocMem
 0002:0000094C       System@Output
 0001:00002294       System@ParamCount
 0001:0000229C       System@ParamStr
 0002:000006E4       System@RaiseList
 0001:00002A0C       System@RaiseNotification
 0002:00000320       System@RandSeed
 0001:000014A4       System@ReleaseSemaphores
 0001:0000262C       System@RightSizeTlsPerThread
 0001:000023BC       System@RtlError
 0001:0000141C       System@SetInOutRes
 0002:0000032C       System@SmHeapBlock
 0002:000002FC       System@SmHeapList
 0001:00001B78       System@Str2Int
 0001:0000180C       System@SysFreeMem
 0001:00001564       System@SysGetMem
 0001:00001910       System@SysReallocMem
 0002:000003B4       System@System_RaiseException
 0002:000003B8       System@System_UnwindException
 0002:00000340       System@Test8086
 0002:00000341       System@Test8087
 0001:0000140C       System@TestInOutRes
 0002:000006F0       System@TextModeRead
 0002:000006F4       System@TextModeReadWrite
 0001:00002070       System@Text_FlushClose
 0001:00001FF4       System@Text_Open
 0002:000002E0       System@TlsSharedMem
 0002:000002E4       System@TlsSharedMemSize
 0001:000021F4       System@TruncateFile
 0001:00002A64       System@XcptIgnored
 0002:000002F0       System@XcptProc
 0001:00002A98       System@_ExceptionHandler
 0001:00002324       System@_ExitProc
 0001:00001400       System@_FpuInit
 0001:00002938       System@_GetTlsVar
 0001:000023AC       System@_Halt
 0001:000029A4       System@_InitExe
 0001:00001D0C       System@_MemFill
 0001:0000151C       System@_MemFree
 0001:00001CB0       System@_MemMove
 0001:000014EC       System@_MemNew
 0001:00001964       System@_RandInt
 0001:0000239C       System@_RunError
 0001:000023FC       System@_RunErrorStr
 0001:00001D80       System@_StkChk
 0001:000019CC       System@_StrChar
 0001:00001A30       System@_StrConcat
 0001:000019E0       System@_StrCopy
 0001:00001ABC       System@_StrDel
 0001:00001BEC       System@_StrInt
 0001:00001C34       System@_StrIntPCh
 0001:00001974       System@_StrLoad
 0001:00001A64       System@_StrPos
 0001:00001B1C       System@_StrSet
 0001:0000199C       System@_StrStore
 0001:000024A4       System@_Terminate
 0001:00001FDC       System@_TxtAssign
 0001:000020AC       System@_TxtClose
 0001:0000210C       System@_TxtFClose
 0001:0000211C       System@_TxtFOpen
 0001:000020C0       System@_TxtFRead
 0001:000020EC       System@_TxtFWrite
 0001:00002040       System@_TxtReset
 0001:00002058       System@_TxtRewrite
 0001:00001DF0       System@_TxtWBlanks
 0001:00001E54       System@_TxtWBuf
 0001:00001F38       System@_TxtWChar
 0001:00001F04       System@_TxtWInt
 0001:00001EB0       System@_TxtWLn
 0001:00001ED4       System@_TxtWStr
 0001:00001C80       System@_ValInt
 0001:00001D38       System@_VarMove
 0001:0000111C       VMAN_Proba@$Init
 0002:00000740       VMAN_Proba@ab
 0002:00000284       VMAN_Proba@AppTitle
 0002:0000077A       VMAN_Proba@basecolor
 0002:000006F8       VMAN_Proba@Bss@
 0001:00000000       VMAN_Proba@Code@
 0002:00000000       VMAN_Proba@Const@
 0002:00000284       VMAN_Proba@Data@
 0002:00000708       VMAN_Proba@DesktopModeInfo
 0002:00000779       VMAN_Proba@fFullScreenMode
 0001:00000414       VMAN_Proba@FindNewModeInfo
 0002:0000073C       VMAN_Proba@fInFullScreenNow
 0001:0000028C       VMAN_Proba@FourCCToString
 0001:00000260       VMAN_Proba@FreeModeInfo
 0002:00000290       VMAN_Proba@FULLSCREENBPP
 0002:0000028C       VMAN_Proba@FULLSCREENHEIGHT
 0002:00000288       VMAN_Proba@FULLSCREENWIDTH
 0002:00000778       VMAN_Proba@fVRNDisabled
 0002:0000076C       VMAN_Proba@hClient
 0002:00000770       VMAN_Proba@hDiveInst
 0002:00000768       VMAN_Proba@hFrame
 0002:000006F8       VMAN_Proba@hmodVMAN
 0001:00000BA0       VMAN_Proba@InitPM
 0001:000000C4       VMAN_Proba@InitVMIEntry
 0001:000004CC       VMAN_Proba@KillPM
 0001:00000034       VMAN_Proba@LoadVMAN
 0002:00000704       VMAN_Proba@ModeInfo
 0002:00000744       VMAN_Proba@mq
 0002:00000748       VMAN_Proba@msg
 0002:00000738       VMAN_Proba@NewModeInfo
 0002:00000700       VMAN_Proba@NumVideoModes
 0001:00000EA8       VMAN_Proba@ProcessParams
 0001:00000484       VMAN_Proba@QueryCurrentMode
 0001:00000158       VMAN_Proba@QueryModeInfo
 0001:00000DC0       VMAN_Proba@RenderScene
 0001:00000514       VMAN_Proba@RestorePM
 0001:0000056C       VMAN_Proba@SetPointerVisibility
 0001:00000D48       VMAN_Proba@SetupDIVE
 0001:00000C48       VMAN_Proba@SetupMainWindow
 0001:00000D00       VMAN_Proba@ShutdownDIVE
 0002:0000029C       VMAN_Proba@SRCBUFFERFOURCC
 0002:00000298       VMAN_Proba@SRCBUFFERHEIGHT
 0002:00000294       VMAN_Proba@SRCBUFFERWIDTH
 0001:000006AC       VMAN_Proba@SwitchBackToDesktop
 0001:000005A0       VMAN_Proba@SwitchToFullscreen
 0002:000006E0       VMAN_Proba@Tls@
 0002:00000774       VMAN_Proba@ulImage
 0001:00000CCC       VMAN_Proba@UninitPM
 0001:00000118       VMAN_Proba@UninitVMIEntry
 0001:00000000       VMAN_Proba@UnloadVMAN
 0001:00000700       VMAN_Proba@VMANCleanUpExitProc
 0002:000006FC       VMAN_Proba@VMIEntry
 0001:00000728       VMAN_Proba@WndProc
 0001:0000032C       VMAN_Proba@WriteModeInfo
 0001:00002D38       VPSysLow@GetParamStr

  Address         Publics by Value

 0001:00000000       VMAN_Proba@UnloadVMAN
 0001:00000000       VMAN_Proba@Code@
 0001:00000034       VMAN_Proba@LoadVMAN
 0001:000000C4       VMAN_Proba@InitVMIEntry
 0001:00000118       VMAN_Proba@UninitVMIEntry
 0001:00000158       VMAN_Proba@QueryModeInfo
 0001:00000260       VMAN_Proba@FreeModeInfo
 0001:0000028C       VMAN_Proba@FourCCToString
 0001:0000032C       VMAN_Proba@WriteModeInfo
 0001:00000414       VMAN_Proba@FindNewModeInfo
 0001:00000484       VMAN_Proba@QueryCurrentMode
 0001:000004CC       VMAN_Proba@KillPM
 0001:00000514       VMAN_Proba@RestorePM
 0001:0000056C       VMAN_Proba@SetPointerVisibility
 0001:000005A0       VMAN_Proba@SwitchToFullscreen
 0001:000006AC       VMAN_Proba@SwitchBackToDesktop
 0001:00000700       VMAN_Proba@VMANCleanUpExitProc
 0001:00000728       VMAN_Proba@WndProc
 0001:00000BA0       VMAN_Proba@InitPM
 0001:00000C48       VMAN_Proba@SetupMainWindow
 0001:00000CCC       VMAN_Proba@UninitPM
 0001:00000D00       VMAN_Proba@ShutdownDIVE
 0001:00000D48       VMAN_Proba@SetupDIVE
 0001:00000DC0       VMAN_Proba@RenderScene
 0001:00000EA8       VMAN_Proba@ProcessParams
 0001:0000111C       VMAN_Proba@$Init
 0001:00001288       PMGRE@GreDeath
 0001:000012AC       PMGRE@GreResurrection
 0001:000012D4       Os2MM@$Init
 0001:00001368       PM_RunTimeError
 0001:000013DC       Os2PmApi@$Init
 0001:00001400       System@_FpuInit
 0001:0000140C       System@TestInOutRes
 0001:0000141C       System@SetInOutRes
 0001:0000142C       System@InitSemaphores
 0001:000014A4       System@ReleaseSemaphores
 0001:000014B0       System@EnterHeap
 0001:000014D0       System@LeaveHeap
 0001:000014EC       System@_MemNew
 0001:0000151C       System@_MemFree
 0001:0000154C       System@GetMemoryManager
 0001:00001564       System@SysGetMem
 0001:00001618       System@OSReallocMem
 0001:0000165C       System@InsertNewheapBlock
 0001:00001720       System@NewHeapBlock
 0001:000017C8       System@NewSubBlock
 0001:000017F8       System@MergeSubBlock
 0001:0000180C       System@SysFreeMem
 0001:00001910       System@SysReallocMem
 0001:00001950       System@NextRandom
 0001:00001964       System@_RandInt
 0001:00001974       System@_StrLoad
 0001:0000199C       System@_StrStore
 0001:000019CC       System@_StrChar
 0001:000019E0       System@_StrCopy
 0001:00001A30       System@_StrConcat
 0001:00001A64       System@_StrPos
 0001:00001ABC       System@_StrDel
 0001:00001B1C       System@_StrSet
 0001:00001B44       System@Int2Str
 0001:00001B78       System@Str2Int
 0001:00001BEC       System@_StrInt
 0001:00001C34       System@_StrIntPCh
 0001:00001C80       System@_ValInt
 0001:00001CB0       System@_MemMove
 0001:00001D0C       System@_MemFill
 0001:00001D38       System@_VarMove
 0001:00001D5C       System@ConvertPath
 0001:00001D80       System@_StkChk
 0001:00001DC0       System@InOutProc
 0001:00001DD0       System@FlushProc
 0001:00001DF0       System@_TxtWBlanks
 0001:00001E54       System@_TxtWBuf
 0001:00001EB0       System@_TxtWLn
 0001:00001ED4       System@_TxtWStr
 0001:00001F04       System@_TxtWInt
 0001:00001F38       System@_TxtWChar
 0001:00001F88       System@Do_Function
 0001:00001F9C       System@Assign_Text
 0001:00001FDC       System@_TxtAssign
 0001:00001FF4       System@Text_Open
 0001:00002040       System@_TxtReset
 0001:00002058       System@_TxtRewrite
 0001:00002070       System@Text_FlushClose
 0001:000020AC       System@_TxtClose
 0001:000020C0       System@_TxtFRead
 0001:000020EC       System@_TxtFWrite
 0001:0000210C       System@_TxtFClose
 0001:0000211C       System@_TxtFOpen
 0001:000021F4       System@TruncateFile
 0001:00002220       System@AppendFile
 0001:00002294       System@ParamCount
 0001:0000229C       System@ParamStr
 0001:000022B0       System@DoExitProc
 0001:000022D4       System@AddExitProc
 0001:00002308       System@DoExitProcs
 0001:00002324       System@_ExitProc
 0001:0000233C       System@DoInit
 0001:00002384       System@Hex2Str
 0001:0000239C       System@_RunError
 0001:000023AC       System@_Halt
 0001:000023BC       System@RtlError
 0001:000023FC       System@_RunErrorStr
 0001:000024A4       System@_Terminate
 0001:000024F8       System@GetLocationInfo
 0001:0000262C       System@RightSizeTlsPerThread
 0001:000026C8       System@AllocateTls_NewThread
 0001:000027BC       System@AllocateTls_NewModule
 0001:000028DC       System@AddToTls
 0001:00002938       System@_GetTlsVar
 0001:0000299C       System@GetThreadId
 0001:000029A4       System@_InitExe
 0001:00002A0C       System@RaiseNotification
 0001:00002A64       System@XcptIgnored
 0001:00002A88       System@NotifyUnhandled
 0001:00002A98       System@_ExceptionHandler
 0001:00002B84       System@$Init
 0001:00002B90       SysFileStdIn
 0001:00002B94       SysFileStdOut
 0001:00002B9C       SysFileStdErr
 0001:00002BA4       SysFileOpen
 0001:00002BDC       SysFileCreate
 0001:00002C14       SysFileSeek
 0001:00002C30       SysFileRead
 0001:00002C50       SysFileWrite
 0001:00002C70       SysFileSetSize
 0001:00002C88       SysFileClose
 0001:00002CA8       SysFileIsDevice
 0001:00002CD4       SysMemAlloc
 0001:00002CF0       SysMemFree
 0001:00002D04       SysCtrlSelfAppType
 0001:00002D24       SysCtrlExitProcess
 0001:00002D38       VPSysLow@GetParamStr
 0001:00002DA0       SysCmdlnCount
 0001:00002DE0       SysCmdlnParam
 0001:00002E40       SysCmdln
 0001:00002E60       SysGetProcessId
 0001:00002E80       SysCtrlGetTlsMapMem
 0001:00002F20       SemCreateMutex
 0001:00002FA4       SemAccessMutex
 0001:00003014       SemRequestMutex
 0001:00003030       SemReleaseMutex
 0001:00003048       SemCloseMutex
 0001:0000305C       Strings@StrEnd
 0001:00003070       Strings@StrCopy
 0001:0000309C       Strings@StrCat
 0002:00000000       VMAN_Proba@Const@
 0002:00000284       VMAN_Proba@AppTitle
 0002:00000284       VMAN_Proba@Data@
 0002:00000288       VMAN_Proba@FULLSCREENWIDTH
 0002:0000028C       VMAN_Proba@FULLSCREENHEIGHT
 0002:00000290       VMAN_Proba@FULLSCREENBPP
 0002:00000294       VMAN_Proba@SRCBUFFERWIDTH
 0002:00000298       VMAN_Proba@SRCBUFFERHEIGHT
 0002:0000029C       VMAN_Proba@SRCBUFFERFOURCC
 0002:000002A0       FourCC_RIFF
 0002:000002A4       FourCC_LIST
 0002:000002A8       FourCC_MEM
 0002:000002AC       FourCC_DOS
 0002:000002B0       FourCC_BND
 0002:000002B4       FourCC_FREE
 0002:000002B8       FourCC_DEL
 0002:000002BC       FourCC_CTOC
 0002:000002C0       FourCC_CGRP
 0002:000002C4       FourCC_CF
 0002:000002C8       FOURCC_ULTI
 0002:000002CC       FOURCC_RT21
 0002:000002D0       FOURCC_DIB
 0002:000002D4       System@ExitCode
 0002:000002D8       System@ErrorAddr
 0002:000002DC       System@ExceptionNo
 0002:000002E0       System@TlsSharedMem
 0002:000002E4       System@TlsSharedMemSize
 0002:000002E8       System@DebugHook
 0002:000002E9       System@IsConsole
 0002:000002EA       System@IsMultiThread
 0002:000002EC       System@ExitProc
 0002:000002F0       System@XcptProc
 0002:000002F4       System@ExceptProc
 0002:000002F8       System@ErrorProc
 0002:000002FC       System@SmHeapList
 0002:00000300       System@LgHeapList
 0002:00000304       System@HeapError
 0002:00000308       System@Environment
 0002:0000030C       System@ExceptClsProc
 0002:00000310       System@ExceptObjProc
 0002:00000314       System@ExceptionClass
 0002:00000318       System@CmdLine
 0002:0000031C       System@ModuleHandle
 0002:00000320       System@RandSeed
 0002:00000324       System@AllocMemCount
 0002:00000328       System@AllocMemSize
 0002:0000032C       System@SmHeapBlock
 0002:00000330       System@LgHeapBlock
 0002:00000334       System@HeapLimit
 0002:00000338       System@HeapAllocFlags
 0002:0000033C       System@HeapSemaphore
 0002:00000340       System@Test8086
 0002:00000341       System@Test8087
 0002:00000348       System@HeapBlockList
 0002:0000034C       System@hblNext
 0002:00000350       System@hblAlloc
 0002:00000354       System@MemoryManager
 0002:00000364       System@ExitProcList
 0002:000003B4       System@System_RaiseException
 0002:000003B8       System@System_UnwindException
 0002:000006E0       System@InOutRes
 0002:000006E0       VMAN_Proba@Tls@
 0002:000006E4       System@RaiseList
 0002:000006E8       System@FileMode
 0002:000006EC       System@FileModeReadWrite
 0002:000006F0       System@TextModeRead
 0002:000006F4       System@TextModeReadWrite
 0002:000006F8       VMAN_Proba@hmodVMAN
 0002:000006F8       VMAN_Proba@Bss@
 0002:000006FC       VMAN_Proba@VMIEntry
 0002:00000700       VMAN_Proba@NumVideoModes
 0002:00000704       VMAN_Proba@ModeInfo
 0002:00000708       VMAN_Proba@DesktopModeInfo
 0002:00000738       VMAN_Proba@NewModeInfo
 0002:0000073C       VMAN_Proba@fInFullScreenNow
 0002:00000740       VMAN_Proba@ab
 0002:00000744       VMAN_Proba@mq
 0002:00000748       VMAN_Proba@msg
 0002:00000768       VMAN_Proba@hFrame
 0002:0000076C       VMAN_Proba@hClient
 0002:00000770       VMAN_Proba@hDiveInst
 0002:00000774       VMAN_Proba@ulImage
 0002:00000778       VMAN_Proba@fVRNDisabled
 0002:00000779       VMAN_Proba@fFullScreenMode
 0002:0000077A       VMAN_Proba@basecolor
 0002:0000077C       SaveExitProc
 0002:00000780       System@Input
 0002:0000094C       System@Output

Line numbers for C:\UTILS\VP21\Projects\VMAN\VMAN_Proba.pas segment CODE32

    63 0001:00000000    64 0001:00000007    65 0001:0000001A    66 0001:00000030
    75 0001:00000034    76 0001:0000003C    77 0001:00000054    79 0001:00000058
    80 0001:00000076    81 0001:00000078    83 0001:0000007A    84 0001:00000096
    86 0001:0000009A    87 0001:000000B8    89 0001:000000BD    90 0001:000000C2
   102 0001:000000C4   103 0001:000000D2   104 0001:000000E5   106 0001:000000E9
   108 0001:00000107   109 0001:0000010E   110 0001:00000113   121 0001:00000118
   122 0001:0000011F   123 0001:00000130   125 0001:00000134   127 0001:00000152
   128 0001:00000157   143 0001:00000158   144 0001:00000167   146 0001:00000169
   147 0001:00000170   148 0001:00000186   150 0001:0000018A   151 0001:00000194
   152 0001:000001B2   154 0001:000001B7   155 0001:000001CB   157 0001:000001D4
   158 0001:000001EA   159 0001:000001F4   162 0001:000001F6   163 0001:000001FD
   164 0001:00000214   166 0001:00000218   167 0001:00000236   168 0001:0000024B
   169 0001:00000255   171 0001:00000257   172 0001:00000259   181 0001:00000260
   182 0001:00000267   183 0001:0000027C   184 0001:00000286   185 0001:00000288
   191 0001:0000028C   192 0001:000002A0   193 0001:000002AE   197 0001:00000328
   200 0001:0000032C   201 0001:00000340   203 0001:00000343   204 0001:00000363
   205 0001:000003CB   207 0001:0000040D   221 0001:00000414   222 0001:0000041C
   224 0001:0000041E   225 0001:00000428   226 0001:00000433   227 0001:00000439
   230 0001:00000446   232 0001:00000467   233 0001:0000046D   234 0001:00000471
   235 0001:00000476   236 0001:00000480   246 0001:00000484   247 0001:0000048B
   248 0001:000004A2   250 0001:000004A6   252 0001:000004C4   253 0001:000004C9
   266 0001:000004CC   267 0001:000004DB   268 0001:000004E5   269 0001:000004F0
   270 0001:000004FB   271 0001:00000507   274 0001:00000510   287 0001:00000514
   288 0001:00000523   289 0001:0000052D   290 0001:0000053A   291 0001:00000543
   293 0001:00000550   294 0001:0000055C   295 0001:00000569   304 0001:0000056C
   305 0001:0000057A   306 0001:00000581   307 0001:00000588   308 0001:0000059B
   320 0001:000005A0   322 0001:000005AF   324 0001:000005BC   325 0001:000005C3
   326 0001:000005CA   327 0001:000005D3   328 0001:000005DC   329 0001:000005E5
   330 0001:000005EE   331 0001:000005F5   333 0001:000005FE   334 0001:00000607
   335 0001:00000610   336 0001:00000619   337 0001:00000626   338 0001:00000633
   339 0001:0000063A   341 0001:00000641   342 0001:00000648   343 0001:0000064D
   344 0001:0000065A   345 0001:00000663   346 0001:00000678   348 0001:0000067C
   349 0001:00000681   350 0001:00000688   352 0001:0000068A   353 0001:0000069A
   355 0001:000006A1   356 0001:000006A6   366 0001:000006AC   367 0001:000006BB
   368 0001:000006C3   369 0001:000006D6   370 0001:000006E3   371 0001:000006E8
   372 0001:000006ED   373 0001:000006F4   374 0001:000006FB   383 0001:00000700
   392 0001:00000707   394 0001:00000715   395 0001:0000071A   396 0001:0000071F
   397 0001:00000724   414 0001:00000728   415 0001:0000073F   416 0001:00000741
   417 0001:00000744   418 0001:00000747   419 0001:00000762   420 0001:00000767
   421 0001:0000076C   422 0001:00000787   423 0001:0000078C   425 0001:00000796
   427 0001:0000079F   429 0001:000007A6   430 0001:000007AB   432 0001:000007B4
   434 0001:000007B7   436 0001:000007BB   438 0001:000007C4   439 0001:000007C9
   440 0001:000007D9   441 0001:000007E9   442 0001:000007FA   444 0001:00000806
   446 0001:00000808   448 0001:00000811   449 0001:00000821   450 0001:00000831
   451 0001:00000842   452 0001:00000852   456 0001:0000085D   458 0001:00000862
   460 0001:00000867   466 0001:0000086E   468 0001:0000087E   470 0001:00000883
   471 0001:0000088A   472 0001:00000897   474 0001:000008A6   476 0001:000008B2
   477 0001:000008B9   478 0001:000008C0   482 0001:000008C7   484 0001:000008DE
   486 0001:000008E8   490 0001:000008F1   494 0001:00000900   495 0001:00000906
   497 0001:0000090C   501 0001:00000922   502 0001:0000092C   503 0001:00000937
   504 0001:00000942   505 0001:0000094D   506 0001:00000957   507 0001:00000961
   508 0001:0000096B   510 0001:00000975   511 0001:0000097F   512 0001:00000989
   513 0001:00000993   515 0001:0000099C   516 0001:000009A5   518 0001:000009AE
   519 0001:000009B7   521 0001:000009C0   522 0001:000009C9   523 0001:000009D5
   526 0001:000009D7   527 0001:000009E2   529 0001:000009ED   530 0001:000009F7
   532 0001:00000A01   533 0001:00000A0B   537 0001:00000A15   539 0001:00000A2A
   540 0001:00000A31   542 0001:00000A36   544 0001:00000A3F   546 0001:00000A49
   548 0001:00000A52   549 0001:00000A57   550 0001:00000A63   552 0001:00000A65
   553 0001:00000A70   555 0001:00000A80   556 0001:00000A90   557 0001:00000AA0
   558 0001:00000AB1   562 0001:00000ABB   564 0001:00000AD6   565 0001:00000AD8
   566 0001:00000ADD   568 0001:00000AE2   569 0001:00000AE7   570 0001:00000AFA
   571 0001:00000AFF   572 0001:00000B08   573 0001:00000B0A   574 0001:00000B0F
   576 0001:00000B11   577 0001:00000B16   579 0001:00000B1F   580 0001:00000B24
   581 0001:00000B30   582 0001:00000B40   583 0001:00000B50   584 0001:00000B61
   586 0001:00000B6B   587 0001:00000B7C   591 0001:00000B7E   592 0001:00000B98
   604 0001:00000BA0   605 0001:00000BAE   606 0001:00000BBD   607 0001:00000BD2
   609 0001:00000BDB   611 0001:00000BF1   612 0001:00000C0D   618 0001:00000C14
   622 0001:00000C3F   623 0001:00000C46   632 0001:00000C48   633 0001:00000C50
   642 0001:00000CCA   651 0001:00000CCC   652 0001:00000CD3   653 0001:00000CE1
   654 0001:00000CEF   655 0001:00000CFD   667 0001:00000D00   670 0001:00000D07
   671 0001:00000D10   673 0001:00000D15   675 0001:00000D25   676 0001:00000D39
   677 0001:00000D47   688 0001:00000D48   689 0001:00000D56   691 0001:00000D5D
   693 0001:00000D70   695 0001:00000D99   697 0001:00000DA9   698 0001:00000DBD
   714 0001:00000DC0   715 0001:00000DCF   716 0001:00000DE1   718 0001:00000DE6
   721 0001:00000E06   723 0001:00000E0F   724 0001:00000E31   726 0001:00000E36
   727 0001:00000E39   728 0001:00000E3F   730 0001:00000E4A   731 0001:00000E56
   733 0001:00000E6A   734 0001:00000E71   735 0001:00000E75   737 0001:00000E7A
   738 0001:00000E8E   739 0001:00000EA4   752 0001:00000EA8   753 0001:00000EBD
   756 0001:00000ECA   757 0001:00000EE9   758 0001:00000EFC   759 0001:00000F41
   760 0001:00000F50   761 0001:00000F63   762 0001:00000FA8   763 0001:00000FB7
   765 0001:00000FCF   766 0001:00000FEE   768 0001:00000FFB   769 0001:0000101A
   770 0001:0000102D   771 0001:00001072   772 0001:00001081   773 0001:00001094
   774 0001:000010D9   775 0001:000010E8   779 0001:00001119   784 0001:0000111C
   785 0001:00001145   788 0001:0000114A   789 0001:0000115A   791 0001:00001163
   792 0001:00001168   794 0001:0000116F   796 0001:00001178   797 0001:0000117D
   798 0001:00001182   800 0001:00001189   802 0001:00001192   803 0001:000011F3
   804 0001:000011F8   805 0001:000011FD   806 0001:00001202   808 0001:00001209
   810 0001:00001212   811 0001:00001217   812 0001:0000121C   813 0001:00001221
   817 0001:00001228   820 0001:00001232   823 0001:00001237   826 0001:0000123C
   829 0001:00001241   830 0001:0000125E   833 0001:00001273   836 0001:00001278
   840 0001:0000127D

Line numbers for C:\UTILS\VP21\Projects\VMAN\PMGRE.pas segment CODE32

    19 0001:00001288    20 0001:00001293    21 0001:000012A5    24 0001:000012AC
    25 0001:000012B7    26 0001:000012CF

Line numbers for C:\Utils\VP21\source\OS2\Os2mm.pas segment CODE32

  7190 0001:000012D4  7191 0001:000012E2  7192 0001:000012EC  7193 0001:000012F6
  7194 0001:00001300  7195 0001:0000130A  7196 0001:00001314  7197 0001:0000131E
  7198 0001:00001328  7199 0001:00001332  7200 0001:0000133C  7201 0001:00001346
  7202 0001:00001350  7203 0001:0000135A  7204 0001:00001364

Line numbers for C:\Utils\VP21\source\OS2\Os2pmapi.pas segment CODE32

  9553 0001:00001368  9554 0001:0000137C  9556 0001:0000138E  9557 0001:000013A3
  9558 0001:000013AF  9560 0001:000013CE  9561 0001:000013D8  9563 0001:000013DC
  9564 0001:000013E7  9565 0001:000013F1  9566 0001:000013FB

Program entry point at 0001:0000111C
